<html>
<body>
<pre>
<h1>µVision Build Log</h1>
<h2>Tool Versions:</h2>
IDE-Version: ¦ÌVision V5.23.0.0
Copyright (C) 2017 ARM Ltd and ARM Germany GmbH. All rights reserved.
License Information: 0 Jz, 0, LIC=NQQQD-8TE33-VEDHA-1GPU5-Y5SII-CIT5B
 
Tool Versions:
Toolchain:       MDK-ARM Plus  Version: 5.23
Toolchain Path:  F:\keil_v5\ARM\ARMCC\Bin
C Compiler:      Armcc.exe V5.06 update 4 (build 422)
Assembler:       Armasm.exe V5.06 update 4 (build 422)
Linker/Locator:  ArmLink.exe V5.06 update 4 (build 422)
Library Manager: ArmAr.exe V5.06 update 4 (build 422)
Hex Converter:   FromElf.exe V5.06 update 4 (build 422)
CPU DLL:         SARMCM3.DLL V5.23
Dialog DLL:      DARMSTM.DLL V1.68.0.0
Target DLL:      Segger\JL2CM3.dll V2.99.23.0
Dialog DLL:      TARMSTM.DLL V1.66.0.0
 
<h2>Project:</h2>
E:\CX\ËÄÖá·ÉÐÐÆ÷\ËÄÐýÒí\ËÄÐýÒí¿ò¼Ü´î½¨×îÖÕ°æ\ËÄÐýÒí\Project\RVMDK£¨uv4£©\iSO-STM32.uvproj
Project File Date:  07/23/2017

<h2>Output:</h2>
*** Using Compiler 'V5.06 update 4 (build 422)', folder: 'F:\keil_v5\ARM\ARMCC\Bin'
Build target 'Template'
assembling startup_stm32f10x_hd.s...
compiling core_cm3.c...
compiling system_stm32f10x.c...
compiling misc.c...
compiling stm32f10x_adc.c...
compiling stm32f10x_bkp.c...
compiling stm32f10x_cec.c...
compiling stm32f10x_can.c...
compiling stm32f10x_crc.c...
compiling stm32f10x_dac.c...
compiling stm32f10x_dbgmcu.c...
compiling stm32f10x_dma.c...
compiling stm32f10x_exti.c...
compiling stm32f10x_flash.c...
compiling stm32f10x_fsmc.c...
compiling stm32f10x_gpio.c...
compiling stm32f10x_i2c.c...
compiling stm32f10x_iwdg.c...
compiling stm32f10x_pwr.c...
compiling stm32f10x_rcc.c...
compiling stm32f10x_rtc.c...
compiling stm32f10x_sdio.c...
compiling stm32f10x_spi.c...
compiling stm32f10x_tim.c...
compiling stm32f10x_usart.c...
compiling stm32f10x_wwdg.c...
compiling main.c...
compiling stm32f10x_it.c...
compiling GPIO_Config.c...
compiling nR24L01_Reg.c...
compiling bsp_SysTick.c...
compiling pwm_config.c...
compiling bsp_TiMbase.c...
compiling bsp_exti.c...
compiling oled.c...
compiling i2c.c...
compiling bsp_i2c.c...
compiling ADC_DMA.c...
compiling BMP_280.c...
compiling mpu6050.c...
compiling led_pwm.c...
compiling UltrasonicWave.c...
compiling irda.c...
compiling TIM_time.c...
compiling data_exchang.c...
compiling init_set.c...
compiling swap_data.c...
compiling AHRS.c...
compiling FLASH_RW.c...
compiling LED_config.c...
compiling Kalman_filter.c...
..\..\User\framework\Kalman_filter.c(106): warning:  #177-D: function "KalmanFilter_Gx"  was declared but never referenced
  static double KalmanFilter_Gx(const double ResrcData,double ProcessNiose_Q,double MeasureNoise_R)
..\..\User\framework\Kalman_filter.c(130): warning:  #177-D: function "KalmanFilter_Gy"  was declared but never referenced
  static double KalmanFilter_Gy(const double ResrcData,double ProcessNiose_Q,double MeasureNoise_R)
..\..\User\framework\Kalman_filter.c(154): warning:  #177-D: function "KalmanFilter_Gz"  was declared but never referenced
  static double KalmanFilter_Gz(const double ResrcData,double ProcessNiose_Q,double MeasureNoise_R)
..\..\User\framework\Kalman_filter.c: 3 warnings, 0 errors
compiling PID_control.c...
linking...
Program Size: Code=43548 RO-data=2940 RW-data=3452 ZI-data=6468  
FromELF: creating hex file...
"..\..\Output\Template.axf" - 0 Error(s), 3 Warning(s).
Build Time Elapsed:  00:00:27
</pre>
</body>
</html>
