Component: ARM Compiler 5.06 update 4 (build 422) Tool: armlink [4d35d2]

==============================================================================

Section Cross References

    startup_stm32f10x_hd.o(RESET) refers to startup_stm32f10x_hd.o(STACK) for __initial_sp
    startup_stm32f10x_hd.o(RESET) refers to startup_stm32f10x_hd.o(.text) for Reset_Handler
    startup_stm32f10x_hd.o(RESET) refers to stm32f10x_it.o(i.NMI_Handler) for NMI_Handler
    startup_stm32f10x_hd.o(RESET) refers to stm32f10x_it.o(i.HardFault_Handler) for HardFault_Handler
    startup_stm32f10x_hd.o(RESET) refers to stm32f10x_it.o(i.MemManage_Handler) for MemManage_Handler
    startup_stm32f10x_hd.o(RESET) refers to stm32f10x_it.o(i.BusFault_Handler) for BusFault_Handler
    startup_stm32f10x_hd.o(RESET) refers to stm32f10x_it.o(i.UsageFault_Handler) for UsageFault_Handler
    startup_stm32f10x_hd.o(RESET) refers to stm32f10x_it.o(i.SVC_Handler) for SVC_Handler
    startup_stm32f10x_hd.o(RESET) refers to stm32f10x_it.o(i.DebugMon_Handler) for DebugMon_Handler
    startup_stm32f10x_hd.o(RESET) refers to stm32f10x_it.o(i.PendSV_Handler) for PendSV_Handler
    startup_stm32f10x_hd.o(RESET) refers to stm32f10x_it.o(i.SysTick_Handler) for SysTick_Handler
    startup_stm32f10x_hd.o(RESET) refers to stm32f10x_it.o(i.EXTI1_IRQHandler) for EXTI1_IRQHandler
    startup_stm32f10x_hd.o(RESET) refers to stm32f10x_it.o(i.EXTI15_10_IRQHandler) for EXTI15_10_IRQHandler
    startup_stm32f10x_hd.o(RESET) refers to stm32f10x_it.o(i.TIM6_IRQHandler) for TIM6_IRQHandler
    startup_stm32f10x_hd.o(.text) refers to system_stm32f10x.o(i.SystemInit) for SystemInit
    startup_stm32f10x_hd.o(.text) refers to entry.o(.ARM.Collect$$$$00000000) for __main
    system_stm32f10x.o(i.SetSysClock) refers to system_stm32f10x.o(i.SetSysClockTo72) for SetSysClockTo72
    system_stm32f10x.o(i.SystemCoreClockUpdate) refers to system_stm32f10x.o(.data) for SystemCoreClock
    system_stm32f10x.o(i.SystemInit) refers to system_stm32f10x.o(i.SetSysClock) for SetSysClock
    stm32f10x_adc.o(i.ADC_DeInit) refers to stm32f10x_rcc.o(i.RCC_APB2PeriphResetCmd) for RCC_APB2PeriphResetCmd
    stm32f10x_bkp.o(i.BKP_DeInit) refers to stm32f10x_rcc.o(i.RCC_BackupResetCmd) for RCC_BackupResetCmd
    stm32f10x_can.o(i.CAN_DeInit) refers to stm32f10x_rcc.o(i.RCC_APB1PeriphResetCmd) for RCC_APB1PeriphResetCmd
    stm32f10x_can.o(i.CAN_GetITStatus) refers to stm32f10x_can.o(i.CheckITStatus) for CheckITStatus
    stm32f10x_cec.o(i.CEC_DeInit) refers to stm32f10x_rcc.o(i.RCC_APB1PeriphResetCmd) for RCC_APB1PeriphResetCmd
    stm32f10x_dac.o(i.DAC_DeInit) refers to stm32f10x_rcc.o(i.RCC_APB1PeriphResetCmd) for RCC_APB1PeriphResetCmd
    stm32f10x_flash.o(i.FLASH_EnableWriteProtection) refers to stm32f10x_flash.o(i.FLASH_WaitForLastOperation) for FLASH_WaitForLastOperation
    stm32f10x_flash.o(i.FLASH_EraseAllBank1Pages) refers to stm32f10x_flash.o(i.FLASH_WaitForLastBank1Operation) for FLASH_WaitForLastBank1Operation
    stm32f10x_flash.o(i.FLASH_EraseAllPages) refers to stm32f10x_flash.o(i.FLASH_WaitForLastOperation) for FLASH_WaitForLastOperation
    stm32f10x_flash.o(i.FLASH_EraseOptionBytes) refers to stm32f10x_flash.o(i.FLASH_GetReadOutProtectionStatus) for FLASH_GetReadOutProtectionStatus
    stm32f10x_flash.o(i.FLASH_EraseOptionBytes) refers to stm32f10x_flash.o(i.FLASH_WaitForLastOperation) for FLASH_WaitForLastOperation
    stm32f10x_flash.o(i.FLASH_ErasePage) refers to stm32f10x_flash.o(i.FLASH_WaitForLastOperation) for FLASH_WaitForLastOperation
    stm32f10x_flash.o(i.FLASH_ProgramHalfWord) refers to stm32f10x_flash.o(i.FLASH_WaitForLastOperation) for FLASH_WaitForLastOperation
    stm32f10x_flash.o(i.FLASH_ProgramOptionByteData) refers to stm32f10x_flash.o(i.FLASH_WaitForLastOperation) for FLASH_WaitForLastOperation
    stm32f10x_flash.o(i.FLASH_ProgramWord) refers to stm32f10x_flash.o(i.FLASH_WaitForLastOperation) for FLASH_WaitForLastOperation
    stm32f10x_flash.o(i.FLASH_ReadOutProtection) refers to stm32f10x_flash.o(i.FLASH_WaitForLastOperation) for FLASH_WaitForLastOperation
    stm32f10x_flash.o(i.FLASH_UserOptionByteConfig) refers to stm32f10x_flash.o(i.FLASH_WaitForLastOperation) for FLASH_WaitForLastOperation
    stm32f10x_flash.o(i.FLASH_WaitForLastBank1Operation) refers to stm32f10x_flash.o(i.FLASH_GetBank1Status) for FLASH_GetBank1Status
    stm32f10x_flash.o(i.FLASH_WaitForLastOperation) refers to stm32f10x_flash.o(i.FLASH_GetBank1Status) for FLASH_GetBank1Status
    stm32f10x_gpio.o(i.GPIO_AFIODeInit) refers to stm32f10x_rcc.o(i.RCC_APB2PeriphResetCmd) for RCC_APB2PeriphResetCmd
    stm32f10x_gpio.o(i.GPIO_DeInit) refers to stm32f10x_rcc.o(i.RCC_APB2PeriphResetCmd) for RCC_APB2PeriphResetCmd
    stm32f10x_i2c.o(i.I2C_DeInit) refers to stm32f10x_rcc.o(i.RCC_APB1PeriphResetCmd) for RCC_APB1PeriphResetCmd
    stm32f10x_i2c.o(i.I2C_Init) refers to stm32f10x_rcc.o(i.RCC_GetClocksFreq) for RCC_GetClocksFreq
[...]
    _printf_wc                               0x00000000   Number         0  stubs.o ABSOLUTE
    _printf_wctomb                           0x00000000   Number         0  stubs.o ABSOLUTE
    _printf_widthprec                        0x00000000   Number         0  stubs.o ABSOLUTE
    _printf_x                                0x00000000   Number         0  stubs.o ABSOLUTE
    __cpp_initialize__aeabi_                  - Undefined Weak Reference
    __cxa_finalize                            - Undefined Weak Reference
    _clock_init                               - Undefined Weak Reference
    _microlib_exit                            - Undefined Weak Reference
    __Vectors_Size                           0x00000130   Number         0  startup_stm32f10x_hd.o ABSOLUTE
    __Vectors                                0x08000000   Data           4  startup_stm32f10x_hd.o(RESET)
    __Vectors_End                            0x08000130   Data           0  startup_stm32f10x_hd.o(RESET)
    __main                                   0x08000131   Thumb Code     0  entry.o(.ARM.Collect$$$$00000000)
    _main_stk                                0x08000131   Thumb Code     0  entry2.o(.ARM.Collect$$$$00000001)
    _main_scatterload                        0x08000135   Thumb Code     0  entry5.o(.ARM.Collect$$$$00000004)
    __main_after_scatterload                 0x08000139   Thumb Code     0  entry5.o(.ARM.Collect$$$$00000004)
    _main_clock                              0x08000139   Thumb Code     0  entry7b.o(.ARM.Collect$$$$00000008)
    _main_cpp_init                           0x08000139   Thumb Code     0  entry8b.o(.ARM.Collect$$$$0000000A)
    _main_init                               0x08000139   Thumb Code     0  entry9a.o(.ARM.Collect$$$$0000000B)
    __rt_final_cpp                           0x08000141   Thumb Code     0  entry10a.o(.ARM.Collect$$$$0000000D)
    __rt_final_exit                          0x08000141   Thumb Code     0  entry11a.o(.ARM.Collect$$$$0000000F)
    Reset_Handler                            0x08000145   Thumb Code     8  startup_stm32f10x_hd.o(.text)
    ADC1_2_IRQHandler                        0x0800015f   Thumb Code     0  startup_stm32f10x_hd.o(.text)
    ADC3_IRQHandler                          0x0800015f   Thumb Code     0  startup_stm32f10x_hd.o(.text)
    CAN1_RX1_IRQHandler                      0x0800015f   Thumb Code     0  startup_stm32f10x_hd.o(.text)
    CAN1_SCE_IRQHandler                      0x0800015f   Thumb Code     0  startup_stm32f10x_hd.o(.text)
    DMA1_Channel1_IRQHandler                 0x0800015f   Thumb Code     0  startup_stm32f10x_hd.o(.text)
    DMA1_Channel2_IRQHandler                 0x0800015f   Thumb Code     0  startup_stm32f10x_hd.o(.text)
    DMA1_Channel3_IRQHandler                 0x0800015f   Thumb Code     0  startup_stm32f10x_hd.o(.text)
    DMA1_Channel4_IRQHandler                 0x0800015f   Thumb Code     0  startup_stm32f10x_hd.o(.text)
    DMA1_Channel5_IRQHandler                 0x0800015f   Thumb Code     0  startup_stm32f10x_hd.o(.text)
    DMA1_Channel6_IRQHandler                 0x0800015f   Thumb Code     0  startup_stm32f10x_hd.o(.text)
    DMA1_Channel7_IRQHandler                 0x0800015f   Thumb Code     0  startup_stm32f10x_hd.o(.text)
    DMA2_Channel1_IRQHandler                 0x0800015f   Thumb Code     0  startup_stm32f10x_hd.o(.text)
    DMA2_Channel2_IRQHandler                 0x0800015f   Thumb Code     0  startup_stm32f10x_hd.o(.text)
    DMA2_Channel3_IRQHandler                 0x0800015f   Thumb Code     0  startup_stm32f10x_hd.o(.text)
    DMA2_Channel4_5_IRQHandler               0x0800015f   Thumb Code     0  startup_stm32f10x_hd.o(.text)
    EXTI0_IRQHandler                         0x0800015f   Thumb Code     0  startup_stm32f10x_hd.o(.text)
    EXTI2_IRQHandler                         0x0800015f   Thumb Code     0  startup_stm32f10x_hd.o(.text)
    EXTI3_IRQHandler                         0x0800015f   Thumb Code     0  startup_stm32f10x_hd.o(.text)
    EXTI4_IRQHandler                         0x0800015f   Thumb Code     0  startup_stm32f10x_hd.o(.text)
    EXTI9_5_IRQHandler                       0x0800015f   Thumb Code     0  startup_stm32f10x_hd.o(.text)
    FLASH_IRQHandler                         0x0800015f   Thumb Code     0  startup_stm32f10x_hd.o(.text)
    FSMC_IRQHandler                          0x0800015f   Thumb Code     0  startup_stm32f10x_hd.o(.text)
    I2C1_ER_IRQHandler                       0x0800015f   Thumb Code     0  startup_stm32f10x_hd.o(.text)
    I2C1_EV_IRQHandler                       0x0800015f   Thumb Code     0  startup_stm32f10x_hd.o(.text)
    I2C2_ER_IRQHandler                       0x0800015f   Thumb Code     0  startup_stm32f10x_hd.o(.text)
    I2C2_EV_IRQHandler                       0x0800015f   Thumb Code     0  startup_stm32f10x_hd.o(.text)
    PVD_IRQHandler                           0x0800015f   Thumb Code     0  startup_stm32f10x_hd.o(.text)
    RCC_IRQHandler                           0x0800015f   Thumb Code     0  startup_stm32f10x_hd.o(.text)
    RTCAlarm_IRQHandler                      0x0800015f   Thumb Code     0  startup_stm32f10x_hd.o(.text)
    RTC_IRQHandler                           0x0800015f   Thumb Code     0  startup_stm32f10x_hd.o(.text)
    SDIO_IRQHandler                          0x0800015f   Thumb Code     0  startup_stm32f10x_hd.o(.text)
    SPI1_IRQHandler                          0x0800015f   Thumb Code     0  startup_stm32f10x_hd.o(.text)
    SPI2_IRQHandler                          0x0800015f   Thumb Code     0  startup_stm32f10x_hd.o(.text)
    SPI3_IRQHandler                          0x0800015f   Thumb Code     0  startup_stm32f10x_hd.o(.text)
    TAMPER_IRQHandler                        0x0800015f   Thumb Code     0  startup_stm32f10x_hd.o(.text)
    TIM1_BRK_IRQHandler                      0x0800015f   Thumb Code     0  startup_stm32f10x_hd.o(.text)
    TIM1_CC_IRQHandler                       0x0800015f   Thumb Code     0  startup_stm32f10x_hd.o(.text)
    TIM1_TRG_COM_IRQHandler                  0x0800015f   Thumb Code     0  startup_stm32f10x_hd.o(.text)
    TIM1_UP_IRQHandler                       0x0800015f   Thumb Code     0  startup_stm32f10x_hd.o(.text)
    TIM2_IRQHandler                          0x0800015f   Thumb Code     0  startup_stm32f10x_hd.o(.text)
    TIM3_IRQHandler                          0x0800015f   Thumb Code     0  startup_stm32f10x_hd.o(.text)
    TIM4_IRQHandler                          0x0800015f   Thumb Code     0  startup_stm32f10x_hd.o(.text)
    TIM5_IRQHandler                          0x0800015f   Thumb Code     0  startup_stm32f10x_hd.o(.text)
    TIM7_IRQHandler                          0x0800015f   Thumb Code     0  startup_stm32f10x_hd.o(.text)
    TIM8_BRK_IRQHandler                      0x0800015f   Thumb Code     0  startup_stm32f10x_hd.o(.text)
    TIM8_CC_IRQHandler                       0x0800015f   Thumb Code     0  startup_stm32f10x_hd.o(.text)
    TIM8_TRG_COM_IRQHandler                  0x0800015f   Thumb Code     0  startup_stm32f10x_hd.o(.text)
    TIM8_UP_IRQHandler                       0x0800015f   Thumb Code     0  startup_stm32f10x_hd.o(.text)
    UART4_IRQHandler                         0x0800015f   Thumb Code     0  startup_stm32f10x_hd.o(.text)
    UART5_IRQHandler                         0x0800015f   Thumb Code     0  startup_stm32f10x_hd.o(.text)
    USART1_IRQHandler                        0x0800015f   Thumb Code     0  startup_stm32f10x_hd.o(.text)
    USART2_IRQHandler                        0x0800015f   Thumb Code     0  startup_stm32f10x_hd.o(.text)
    USART3_IRQHandler                        0x0800015f   Thumb Code     0  startup_stm32f10x_hd.o(.text)
    USBWakeUp_IRQHandler                     0x0800015f   Thumb Code     0  startup_stm32f10x_hd.o(.text)
    USB_HP_CAN1_TX_IRQHandler                0x0800015f   Thumb Code     0  startup_stm32f10x_hd.o(.text)
    USB_LP_CAN1_RX0_IRQHandler               0x0800015f   Thumb Code     0  startup_stm32f10x_hd.o(.text)
    WWDG_IRQHandler                          0x0800015f   Thumb Code     0  startup_stm32f10x_hd.o(.text)
    __aeabi_fadd                             0x08000169   Thumb Code   164  fadd.o(.text)
    __aeabi_fsub                             0x0800020d   Thumb Code     6  fadd.o(.text)
    __aeabi_frsub                            0x08000213   Thumb Code     6  fadd.o(.text)
    __aeabi_fmul                             0x08000219   Thumb Code   100  fmul.o(.text)
    __aeabi_fdiv                             0x0800027d   Thumb Code   124  fdiv.o(.text)
    __aeabi_dadd                             0x080002f9   Thumb Code   322  dadd.o(.text)
    __aeabi_dsub                             0x0800043b   Thumb Code     6  dadd.o(.text)
    __aeabi_drsub                            0x08000441   Thumb Code     6  dadd.o(.text)
    __aeabi_dmul                             0x08000447   Thumb Code   228  dmul.o(.text)
    __aeabi_ddiv                             0x0800052b   Thumb Code   222  ddiv.o(.text)
    __aeabi_i2f                              0x08000609   Thumb Code    18  fflti.o(.text)
    __aeabi_ui2f                             0x0800061b   Thumb Code    10  ffltui.o(.text)
    __aeabi_i2d                              0x08000625   Thumb Code    34  dflti.o(.text)
    __aeabi_ui2d                             0x08000647   Thumb Code    26  dfltui.o(.text)
    __aeabi_f2iz                             0x08000661   Thumb Code    50  ffixi.o(.text)
    __aeabi_d2iz                             0x08000693   Thumb Code    62  dfixi.o(.text)
    __aeabi_d2uiz                            0x080006d1   Thumb Code    50  dfixui.o(.text)
    __aeabi_f2d                              0x08000703   Thumb Code    38  f2d.o(.text)
    __aeabi_cdcmpeq                          0x08000729   Thumb Code     0  cdcmple.o(.text)
    __aeabi_cdcmple                          0x08000729   Thumb Code    48  cdcmple.o(.text)
    __aeabi_cdrcmple                         0x08000759   Thumb Code    48  cdrcmple.o(.text)
    __aeabi_d2f                              0x08000789   Thumb Code    56  d2f.o(.text)
    __aeabi_cfcmpeq                          0x080007c1   Thumb Code     0  cfcmple.o(.text)
    __aeabi_cfcmple                          0x080007c1   Thumb Code    20  cfcmple.o(.text)
    __aeabi_cfrcmple                         0x080007d5   Thumb Code    20  cfrcmple.o(.text)
    __aeabi_uidiv                            0x080007e9   Thumb Code     0  uidiv.o(.text)
    __aeabi_uidivmod                         0x080007e9   Thumb Code    44  uidiv.o(.text)
    __aeabi_uldivmod                         0x08000815   Thumb Code    98  uldiv.o(.text)
    __aeabi_llsl                             0x08000877   Thumb Code    30  llshl.o(.text)
    _ll_shift_l                              0x08000877   Thumb Code     0  llshl.o(.text)
    __aeabi_llsr                             0x08000895   Thumb Code    32  llushr.o(.text)
    _ll_ushift_r                             0x08000895   Thumb Code     0  llushr.o(.text)
    __aeabi_lasr                             0x080008b5   Thumb Code    36  llsshr.o(.text)
    _ll_sshift_r                             0x080008b5   Thumb Code     0  llsshr.o(.text)
    __I$use$fp                               0x080008d9   Thumb Code     0  iusefp.o(.text)
    _float_round                             0x080008d9   Thumb Code    18  fepilogue.o(.text)
    _float_epilogue                          0x080008eb   Thumb Code    92  fepilogue.o(.text)
    _fsqrt                                   0x08000947   Thumb Code    94  fsqrt.o(.text)
    _double_round                            0x080009a5   Thumb Code    30  depilogue.o(.text)
    _double_epilogue                         0x080009c3   Thumb Code   156  depilogue.o(.text)
    __ARM_scalbn                             0x08000a5f   Thumb Code    46  dscalb.o(.text)
    scalbn                                   0x08000a5f   Thumb Code     0  dscalb.o(.text)
    _dsqrt                                   0x08000a8d   Thumb Code   162  dsqrt.o(.text)
    __aeabi_d2ulz                            0x08000b2f   Thumb Code    48  dfixul.o(.text)
    __scatterload                            0x08000b61   Thumb Code    28  init.o(.text)
    __scatterload_rt2                        0x08000b61   Thumb Code     0  init.o(.text)
    __decompress                             0x08000b85   Thumb Code     0  __dczerorl2.o(.text)
    __decompress1                            0x08000b85   Thumb Code    86  __dczerorl2.o(.text)
    ADC1_Init                                0x08000c0d   Thumb Code    12  adc_dma.o(i.ADC1_Init)
    ADC_Cmd                                  0x08000cf9   Thumb Code    22  stm32f10x_adc.o(i.ADC_Cmd)
    ADC_DMACmd                               0x08000d0f   Thumb Code    22  stm32f10x_adc.o(i.ADC_DMACmd)
    ADC_GetCalibrationStatus                 0x08000d25   Thumb Code    20  stm32f10x_adc.o(i.ADC_GetCalibrationStatus)
    ADC_GetResetCalibrationStatus            0x08000d39   Thumb Code    20  stm32f10x_adc.o(i.ADC_GetResetCalibrationStatus)
    ADC_Init                                 0x08000d4d   Thumb Code    70  stm32f10x_adc.o(i.ADC_Init)
    ADC_RegularChannelConfig                 0x08000d9d   Thumb Code   184  stm32f10x_adc.o(i.ADC_RegularChannelConfig)
    ADC_ResetCalibration                     0x08000e55   Thumb Code    10  stm32f10x_adc.o(i.ADC_ResetCalibration)
    ADC_SoftwareStartConvCmd                 0x08000e5f   Thumb Code    22  stm32f10x_adc.o(i.ADC_SoftwareStartConvCmd)
    ADC_StartCalibration                     0x08000e75   Thumb Code    10  stm32f10x_adc.o(i.ADC_StartCalibration)
    AHRSupdate                               0x08000e81   Thumb Code  2832  ahrs.o(i.AHRSupdate)
    BMP280_GetPressure                       0x080019b1   Thumb Code   972  bmp_280.o(i.BMP280_GetPressure)
    BMP280_GetTemperature                    0x08001dd9   Thumb Code   402  bmp_280.o(i.BMP280_GetTemperature)
    BMP280_Init                              0x08001f95   Thumb Code    14  bmp_280.o(i.BMP280_Init)
    BusFault_Handler                         0x08001fa3   Thumb Code     4  stm32f10x_it.o(i.BusFault_Handler)
    DATA_Kalman_Filter                       0x08001fa9   Thumb Code   140  kalman_filter.o(i.DATA_Kalman_Filter)
    DMA_Cmd                                  0x08002045   Thumb Code    24  stm32f10x_dma.o(i.DMA_Cmd)
    DMA_DeInit                               0x0800205d   Thumb Code   324  stm32f10x_dma.o(i.DMA_DeInit)
    DMA_Init                                 0x080021a9   Thumb Code    60  stm32f10x_dma.o(i.DMA_Init)
    DebugMon_Handler                         0x080021e5   Thumb Code     2  stm32f10x_it.o(i.DebugMon_Handler)
    DelayTime_us                             0x080021e7   Thumb Code    22  ultrasonicwave.o(i.DelayTime_us)
    Delay_600ns                              0x080021fd   Thumb Code    18  i2c.o(i.Delay_600ns)
    Delay_ms                                 0x0800220f   Thumb Code    24  bsp_systick.o(i.Delay_ms)
    Delay_us                                 0x08002229   Thumb Code    36  bsp_systick.o(i.Delay_us)
    EXTI15_10_IRQHandler                     0x08002251   Thumb Code   168  stm32f10x_it.o(i.EXTI15_10_IRQHandler)
    EXTI1_IRQHandler                         0x0800230d   Thumb Code    58  stm32f10x_it.o(i.EXTI1_IRQHandler)
    EXTI_ClearITPendingBit                   0x08002355   Thumb Code     6  stm32f10x_exti.o(i.EXTI_ClearITPendingBit)
    EXTI_GetITStatus                         0x08002361   Thumb Code    34  stm32f10x_exti.o(i.EXTI_GetITStatus)
    EXTI_Init                                0x08002389   Thumb Code   142  stm32f10x_exti.o(i.EXTI_Init)
    EXTI_PB15_Config                         0x0800241d   Thumb Code    76  irda.o(i.EXTI_PB15_Config)
    EXTI_PB1_Config                          0x0800246d   Thumb Code    72  bsp_exti.o(i.EXTI_PB1_Config)
    FLASH_ClearFlag                          0x080024b9   Thumb Code     6  stm32f10x_flash.o(i.FLASH_ClearFlag)
    FLASH_ErasePage                          0x080024c5   Thumb Code    72  stm32f10x_flash.o(i.FLASH_ErasePage)
    FLASH_GetBank1Status                     0x08002511   Thumb Code    48  stm32f10x_flash.o(i.FLASH_GetBank1Status)
    FLASH_LockBank1                          0x08002545   Thumb Code    14  stm32f10x_flash.o(i.FLASH_LockBank1)
    FLASH_ProgramWord                        0x08002559   Thumb Code   102  stm32f10x_flash.o(i.FLASH_ProgramWord)
    FLASH_UnlockBank1                        0x080025c5   Thumb Code    12  stm32f10x_flash.o(i.FLASH_UnlockBank1)
    FLASH_WaitForLastOperation               0x080025dd   Thumb Code    38  stm32f10x_flash.o(i.FLASH_WaitForLastOperation)
    Flash_data_init                          0x08002605   Thumb Code   606  flash_rw.o(i.Flash_data_init)
    GPIO_EXTILineConfig                      0x08002945   Thumb Code    60  stm32f10x_gpio.o(i.GPIO_EXTILineConfig)
    GPIO_Init                                0x08002985   Thumb Code   278  stm32f10x_gpio.o(i.GPIO_Init)
    GPIO_PinRemapConfig                      0x08002a9d   Thumb Code   138  stm32f10x_gpio.o(i.GPIO_PinRemapConfig)
    GPIO_ReadInputDataBit                    0x08002b2d   Thumb Code    18  stm32f10x_gpio.o(i.GPIO_ReadInputDataBit)
    GPIO_ResetBits                           0x08002b3f   Thumb Code     4  stm32f10x_gpio.o(i.GPIO_ResetBits)
    GPIO_SetBits                             0x08002b43   Thumb Code     4  stm32f10x_gpio.o(i.GPIO_SetBits)
    Get_Pulse_Time                           0x08002b49   Thumb Code    42  irda.o(i.Get_Pulse_Time)
    HardFault_Handler                        0x08002b79   Thumb Code     4  stm32f10x_it.o(i.HardFault_Handler)
    I2C_RecvByte                             0x08002b7d   Thumb Code    72  i2c.o(i.I2C_RecvByte)
    I2C_SendACK                              0x08002bc9   Thumb Code    40  i2c.o(i.I2C_SendACK)
    I2C_SendByte                             0x08002bf5   Thumb Code    86  i2c.o(i.I2C_SendByte)
    I2C_Start                                0x08002c51   Thumb Code    54  i2c.o(i.I2C_Start)
    I2C_Stop                                 0x08002c8d   Thumb Code    34  i2c.o(i.I2C_Stop)
    IIC_ReadData                             0x08002cb5   Thumb Code    84  i2c.o(i.IIC_ReadData)
    IIC_add_WriteI2C                         0x08002d09   Thumb Code    36  i2c.o(i.IIC_add_WriteI2C)
    IrDa_Init                                0x08002d2d   Thumb Code     8  irda.o(i.IrDa_Init)
    IrDa_Process                             0x08002d35   Thumb Code    60  irda.o(i.IrDa_Process)
    LED_GPIO_Config                          0x08002fa1   Thumb Code    46  led_config.o(i.LED_GPIO_Config)
    MAG_data                                 0x08002fd5   Thumb Code    94  data_exchang.o(i.MAG_data)
    MENU_1                                   0x08003045   Thumb Code   452  init_set.o(i.MENU_1)
    MENU_1_1                                 0x08003239   Thumb Code   920  init_set.o(i.MENU_1_1)
    MENU_1_2                                 0x08003611   Thumb Code  1388  init_set.o(i.MENU_1_2)
    MENU_1_3                                 0x08003bb5   Thumb Code   360  init_set.o(i.MENU_1_3)
    MENU_1_3_1                               0x08003d45   Thumb Code   920  init_set.o(i.MENU_1_3_1)
    MENU_1_3_2                               0x0800411d   Thumb Code  1388  init_set.o(i.MENU_1_3_2)
    MENU_2                                   0x080046c1   Thumb Code   140  init_set.o(i.MENU_2)
    MENU_3                                   0x08004761   Thumb Code   398  init_set.o(i.MENU_3)
    MENU_3_1                                 0x080048fd   Thumb Code   532  init_set.o(i.MENU_3_1)
    MENU_3_2                                 0x08004b55   Thumb Code   446  init_set.o(i.MENU_3_2)
    MPU6050ReadAcc                           0x08004d61   Thumb Code    66  mpu6050.o(i.MPU6050ReadAcc)
    MPU6050ReadGyro                          0x08004da3   Thumb Code    66  mpu6050.o(i.MPU6050ReadGyro)
    MPU6050Read_all                          0x08004de5   Thumb Code   134  mpu6050.o(i.MPU6050Read_all)
    MPU6050_Init                             0x08004e6b   Thumb Code   156  mpu6050.o(i.MPU6050_Init)
    MPU9250ReadMag                           0x08004f07   Thumb Code    76  mpu6050.o(i.MPU9250ReadMag)
    MemManage_Handler                        0x08004f53   Thumb Code     4  stm32f10x_it.o(i.MemManage_Handler)
    NMI_Handler                              0x08004f57   Thumb Code     2  stm32f10x_it.o(i.NMI_Handler)
    NVIC_Init                                0x08004f85   Thumb Code   100  misc.o(i.NVIC_Init)
    NVIC_PriorityGroupConfig                 0x08004ff5   Thumb Code    10  misc.o(i.NVIC_PriorityGroupConfig)
    OLED_Clear                               0x08005009   Thumb Code    64  oled.o(i.OLED_Clear)
    OLED_Init                                0x08005049   Thumb Code   338  oled.o(i.OLED_Init)
    OLED_Set_Pos                             0x080051ad   Thumb Code    46  oled.o(i.OLED_Set_Pos)
    OLED_ShowCHinese                         0x080051dd   Thumb Code    98  oled.o(i.OLED_ShowCHinese)
    OLED_ShowCHinese_inverse                 0x08005245   Thumb Code   106  oled.o(i.OLED_ShowCHinese_inverse)
    OLED_ShowChar                            0x080052b5   Thumb Code   106  oled.o(i.OLED_ShowChar)
    OLED_ShowNum                             0x08005325   Thumb Code   132  oled.o(i.OLED_ShowNum)
    OLED_ShowString                          0x080053a9   Thumb Code    54  oled.o(i.OLED_ShowString)
    OLED_WR_Byte                             0x080053e1   Thumb Code   126  oled.o(i.OLED_WR_Byte)
    PID_control                              0x08005491   Thumb Code   130  pid_control.o(i.PID_control)
    PID_pitch_Control                        0x08005535   Thumb Code   586  pid_control.o(i.PID_pitch_Control)
    PID_roll_Control                         0x08005815   Thumb Code   580  pid_control.o(i.PID_roll_Control)
    PID_yaw_Control                          0x08005af1   Thumb Code   672  pid_control.o(i.PID_yaw_Control)
    PWM_control                              0x08005e09   Thumb Code   342  pid_control.o(i.PWM_control)
    PendSV_Handler                           0x08005f81   Thumb Code     2  stm32f10x_it.o(i.PendSV_Handler)
    RCC_ADCCLKConfig                         0x08005f85   Thumb Code    18  stm32f10x_rcc.o(i.RCC_ADCCLKConfig)
    RCC_AHBPeriphClockCmd                    0x08005f9d   Thumb Code    26  stm32f10x_rcc.o(i.RCC_AHBPeriphClockCmd)
    RCC_APB1PeriphClockCmd                   0x08005fbd   Thumb Code    26  stm32f10x_rcc.o(i.RCC_APB1PeriphClockCmd)
    RCC_APB1PeriphResetCmd                   0x08005fdd   Thumb Code    26  stm32f10x_rcc.o(i.RCC_APB1PeriphResetCmd)
    RCC_APB2PeriphClockCmd                   0x08005ffd   Thumb Code    26  stm32f10x_rcc.o(i.RCC_APB2PeriphClockCmd)
    RCC_APB2PeriphResetCmd                   0x0800601d   Thumb Code    26  stm32f10x_rcc.o(i.RCC_APB2PeriphResetCmd)
    RCC_GetClocksFreq                        0x0800603d   Thumb Code   192  stm32f10x_rcc.o(i.RCC_GetClocksFreq)
    ReadFlashNBtye                           0x08006111   Thumb Code    28  flash_rw.o(i.ReadFlashNBtye)
    SPI_Cmd                                  0x08006131   Thumb Code    24  stm32f10x_spi.o(i.SPI_Cmd)
    SPI_DATA_Init                            0x08006149   Thumb Code   192  gpio_config.o(i.SPI_DATA_Init)
    SPI_FLASH_SendByte                       0x08006215   Thumb Code    50  gpio_config.o(i.SPI_FLASH_SendByte)
    SPI_I2S_GetFlagStatus                    0x0800624d   Thumb Code    18  stm32f10x_spi.o(i.SPI_I2S_GetFlagStatus)
    SPI_I2S_ReceiveData                      0x0800625f   Thumb Code     6  stm32f10x_spi.o(i.SPI_I2S_ReceiveData)
    SPI_I2S_SendData                         0x08006265   Thumb Code     4  stm32f10x_spi.o(i.SPI_I2S_SendData)
    SPI_Init                                 0x08006269   Thumb Code    60  stm32f10x_spi.o(i.SPI_Init)
    SPI_Read_Buf                             0x080062a5   Thumb Code    58  nr24l01_reg.o(i.SPI_Read_Buf)
    SPI_Read_Reg                             0x080062e5   Thumb Code    36  nr24l01_reg.o(i.SPI_Read_Reg)
    SPI_Write_Buf                            0x0800630d   Thumb Code    56  nr24l01_reg.o(i.SPI_Write_Buf)
    SPI_Write_Reg                            0x08006349   Thumb Code    38  nr24l01_reg.o(i.SPI_Write_Reg)
    SVC_Handler                              0x08006375   Thumb Code     2  stm32f10x_it.o(i.SVC_Handler)
    SysTick_Handler                          0x08006461   Thumb Code     8  stm32f10x_it.o(i.SysTick_Handler)
    SysTick_Init                             0x08006469   Thumb Code   106  bsp_systick.o(i.SysTick_Init)
    SystemInit                               0x080064e5   Thumb Code    78  system_stm32f10x.o(i.SystemInit)
    TIM3_Mode_PWM1_Config                    0x0800658d   Thumb Code    98  pwm_config.o(i.TIM3_Mode_PWM1_Config)
    TIM3_Mode_PWM2_Config                    0x080065f5   Thumb Code    98  pwm_config.o(i.TIM3_Mode_PWM2_Config)
    TIM3_Mode_PWM3_Config                    0x0800665d   Thumb Code    98  pwm_config.o(i.TIM3_Mode_PWM3_Config)
    TIM3_Mode_PWM4_Config                    0x080066c5   Thumb Code    98  pwm_config.o(i.TIM3_Mode_PWM4_Config)
    TIM3_init                                0x0800672d   Thumb Code    40  pwm_config.o(i.TIM3_init)
    TIM6_Configuration                       0x08006755   Thumb Code    78  bsp_timbase.o(i.TIM6_Configuration)
    TIM6_IRQHandler                          0x080067a9   Thumb Code   222  stm32f10x_it.o(i.TIM6_IRQHandler)
    TIM6_NVIC_Configuration                  0x080068c1   Thumb Code    42  bsp_timbase.o(i.TIM6_NVIC_Configuration)
    TIM7_Configuration                       0x080068ed   Thumb Code    60  tim_time.o(i.TIM7_Configuration)
    TIM_ARRPreloadConfig                     0x0800692d   Thumb Code    24  stm32f10x_tim.o(i.TIM_ARRPreloadConfig)
    TIM_ClearFlag                            0x08006945   Thumb Code     6  stm32f10x_tim.o(i.TIM_ClearFlag)
    TIM_ClearITPendingBit                    0x0800694b   Thumb Code     6  stm32f10x_tim.o(i.TIM_ClearITPendingBit)
    TIM_Cmd                                  0x08006951   Thumb Code    24  stm32f10x_tim.o(i.TIM_Cmd)
    TIM_DeInit                               0x08006969   Thumb Code   424  stm32f10x_tim.o(i.TIM_DeInit)
    TIM_GetCounter                           0x08006b51   Thumb Code     6  stm32f10x_tim.o(i.TIM_GetCounter)
    TIM_GetITStatus                          0x08006b57   Thumb Code    34  stm32f10x_tim.o(i.TIM_GetITStatus)
    TIM_ITConfig                             0x08006b79   Thumb Code    18  stm32f10x_tim.o(i.TIM_ITConfig)
    TIM_OC1Init                              0x08006b8d   Thumb Code   132  stm32f10x_tim.o(i.TIM_OC1Init)
    TIM_OC1PreloadConfig                     0x08006c25   Thumb Code    18  stm32f10x_tim.o(i.TIM_OC1PreloadConfig)
    TIM_OC2Init                              0x08006c39   Thumb Code   154  stm32f10x_tim.o(i.TIM_OC2Init)
    TIM_OC2PreloadConfig                     0x08006cdd   Thumb Code    26  stm32f10x_tim.o(i.TIM_OC2PreloadConfig)
    TIM_OC3Init                              0x08006cf9   Thumb Code   150  stm32f10x_tim.o(i.TIM_OC3Init)
    TIM_OC3PreloadConfig                     0x08006d99   Thumb Code    18  stm32f10x_tim.o(i.TIM_OC3PreloadConfig)
    TIM_OC4Init                              0x08006dad   Thumb Code   114  stm32f10x_tim.o(i.TIM_OC4Init)
    TIM_OC4PreloadConfig                     0x08006e29   Thumb Code    26  stm32f10x_tim.o(i.TIM_OC4PreloadConfig)
    TIM_SetCounter                           0x08006e43   Thumb Code     4  stm32f10x_tim.o(i.TIM_SetCounter)
    TIM_TimeBaseInit                         0x08006e49   Thumb Code   122  stm32f10x_tim.o(i.TIM_TimeBaseInit)
    TimingDelay_Decrement                    0x08006eed   Thumb Code    18  bsp_systick.o(i.TimingDelay_Decrement)
    USART1_Config                            0x08006f05   Thumb Code   114  gpio_config.o(i.USART1_Config)
    USART1_DMA_Config                        0x08006f81   Thumb Code    76  gpio_config.o(i.USART1_DMA_Config)
    USART_Cmd                                0x08006fd9   Thumb Code    24  stm32f10x_usart.o(i.USART_Cmd)
    USART_GetFlagStatus                      0x08006ff1   Thumb Code    26  stm32f10x_usart.o(i.USART_GetFlagStatus)
    USART_Init                               0x0800700d   Thumb Code   210  stm32f10x_usart.o(i.USART_Init)
    USART_SendData                           0x080070e5   Thumb Code     8  stm32f10x_usart.o(i.USART_SendData)
    UltrasonicWave_CalculateTime             0x080070ed   Thumb Code    32  ultrasonicwave.o(i.UltrasonicWave_CalculateTime)
    UltrasonicWave_Configuration             0x08007115   Thumb Code    38  ultrasonicwave.o(i.UltrasonicWave_Configuration)
    UltrasonicWave_OK                        0x08007141   Thumb Code    66  ultrasonicwave.o(i.UltrasonicWave_OK)
    UltrasonicWave_StartMeasure              0x08007195   Thumb Code    32  ultrasonicwave.o(i.UltrasonicWave_StartMeasure)
    UsageFault_Handler                       0x080071bd   Thumb Code     4  stm32f10x_it.o(i.UsageFault_Handler)
    WriteFlashOneWord                        0x080071c1   Thumb Code   378  flash_rw.o(i.WriteFlashOneWord)
    YAW_data_init                            0x08007399   Thumb Code    68  data_exchang.o(i.YAW_data_init)
    __0printf                                0x080073e9   Thumb Code    22  printfa.o(i.__0printf)
    __1printf                                0x080073e9   Thumb Code     0  printfa.o(i.__0printf)
    __2printf                                0x080073e9   Thumb Code     0  printfa.o(i.__0printf)
    __c89printf                              0x080073e9   Thumb Code     0  printfa.o(i.__0printf)
    printf                                   0x080073e9   Thumb Code     0  printfa.o(i.__0printf)
    __ARM_fpclassify                         0x08007409   Thumb Code    40  fpclassify.o(i.__ARM_fpclassify)
    __ieee754_rem_pio2                       0x08007431   Thumb Code   828  rred.o(i.__ieee754_rem_pio2)
    __kernel_cos                             0x080077b9   Thumb Code   230  cos_i.o(i.__kernel_cos)
    __kernel_poly                            0x080078b5   Thumb Code   170  poly.o(i.__kernel_poly)
    __kernel_sin                             0x08007961   Thumb Code   224  sin_i.o(i.__kernel_sin)
    __mathlib_dbl_infnan                     0x08007a4d   Thumb Code     6  dunder.o(i.__mathlib_dbl_infnan)
    __mathlib_dbl_infnan2                    0x08007a53   Thumb Code     4  dunder.o(i.__mathlib_dbl_infnan2)
    __mathlib_dbl_invalid                    0x08007a57   Thumb Code    12  dunder.o(i.__mathlib_dbl_invalid)
    __mathlib_dbl_underflow                  0x08007a65   Thumb Code    10  dunder.o(i.__mathlib_dbl_underflow)
    __scatterload_copy                       0x08007a75   Thumb Code    14  handlers.o(i.__scatterload_copy)
    __scatterload_null                       0x08007a83   Thumb Code     2  handlers.o(i.__scatterload_null)
    __scatterload_zeroinit                   0x08007a85   Thumb Code    14  handlers.o(i.__scatterload_zeroinit)
    __set_errno                              0x08007a95   Thumb Code     6  errno.o(i.__set_errno)
    asin                                     0x08008355   Thumb Code   572  asin.o(i.asin)
    atan                                     0x080085c5   Thumb Code   474  atan.o(i.atan)
    atan2                                    0x080087e5   Thumb Code   346  atan2.o(i.atan2)
    averag_gyro_X                            0x08008965   Thumb Code   156  pid_control.o(i.averag_gyro_X)
    averag_gyro_Y                            0x08008a0d   Thumb Code   156  pid_control.o(i.averag_gyro_Y)
    averag_gyro_Z                            0x08008ab5   Thumb Code   156  pid_control.o(i.averag_gyro_Z)
    calibration_GA                           0x08008b5d   Thumb Code   434  data_exchang.o(i.calibration_GA)
    calibration_Mag                          0x08008d4d   Thumb Code   606  data_exchang.o(i.calibration_Mag)
    complete_GA_data                         0x0800907d   Thumb Code   472  init_set.o(i.complete_GA_data)
    complete_data                            0x08009291   Thumb Code   466  init_set.o(i.complete_data)
    cos                                      0x0800949d   Thumb Code   148  cos.o(i.cos)
    data_chang                               0x08009539   Thumb Code   518  swap_data.o(i.data_chang)
    data_handling                            0x080097a1   Thumb Code   370  data_exchang.o(i.data_handling)
    data_init                                0x08009951   Thumb Code   142  data_exchang.o(i.data_init)
    data_turn                                0x08009a09   Thumb Code    48  flash_rw.o(i.data_turn)
    fputc                                    0x08009a3d   Thumb Code    32  gpio_config.o(i.fputc)
    get_nrf_sta                              0x08009a61   Thumb Code    22  nr24l01_reg.o(i.get_nrf_sta)
    gpio_i2c                                 0x08009a7d   Thumb Code    38  i2c.o(i.gpio_i2c)
    init_NRF24L01                            0x08009aa9   Thumb Code    94  nr24l01_reg.o(i.init_NRF24L01)
    init_quaternion                          0x08009b19   Thumb Code  2052  ahrs.o(i.init_quaternion)
    invSqrt                                  0x0800a365   Thumb Code    72  ahrs.o(i.invSqrt)
    main                                     0x0800a3b1   Thumb Code   242  main.o(i.main)
    nrf_RxMod                                0x0800a4b5   Thumb Code    40  nr24l01_reg.o(i.nrf_RxMod)
    nrf_TxMod                                0x0800a4e1   Thumb Code    40  nr24l01_reg.o(i.nrf_TxMod)
    nrf_read                                 0x0800a50d   Thumb Code    46  nr24l01_reg.o(i.nrf_read)
    nrf_trans                                0x0800a545   Thumb Code    54  nr24l01_reg.o(i.nrf_trans)
    oled_pow                                 0x0800a585   Thumb Code    22  oled.o(i.oled_pow)
    read_flash_data                          0x0800a59d   Thumb Code   224  flash_rw.o(i.read_flash_data)
    send_byte_USART1                         0x0800a6d5   Thumb Code    28  gpio_config.o(i.send_byte_USART1)
    send_line                                0x0800a6f5   Thumb Code   132  swap_data.o(i.send_line)
    set_data                                 0x0800a779   Thumb Code   654  init_set.o(i.set_data)
    sin                                      0x0800aa29   Thumb Code   150  sin.o(i.sin)
    sqrt                                     0x0800aac9   Thumb Code    76  sqrt.o(i.sqrt)
    sqrtf                                    0x0800ab15   Thumb Code    44  sqrtf.o(i.sqrtf)
    write_flash_data                         0x0800ab41   Thumb Code    12  flash_rw.o(i.write_flash_data)
    F6x8                                     0x0800ab4c   Data         552  oled.o(.constdata)
    F8X16                                    0x0800ad74   Data        1520  oled.o(.constdata)
    __mathlib_zero                           0x0800b480   Data           8  qnan.o(.constdata)
    Region$$Table$$Base                      0x0800b578   Number         0  anon$$obj.o(Region$$Table)
    Region$$Table$$Limit                     0x0800b598   Number         0  anon$$obj.o(Region$$Table)
    SystemCoreClock                          0x20000000   Data           4  system_stm32f10x.o(.data)
    AHBPrescTable                            0x20000004   Data          16  system_stm32f10x.o(.data)
    ADC_ConvertedValueLocal                  0x20000028   Data           8  main.o(.data)
    num                                      0x20000030   Data           1  main.o(.data)
    DeviceID                                 0x20000034   Data           4  main.o(.data)
    time                                     0x20000038   Data           4  main.o(.data)
    times                                    0x2000003c   Data           4  main.o(.data)
    rx_num                                   0x20000040   Data           1  stm32f10x_it.o(.data)
    isr_cnt                                  0x20000041   Data           1  stm32f10x_it.o(.data)
    TIME_AGM                                 0x20000042   Data           2  stm32f10x_it.o(.data)
    TIME_PID                                 0x20000044   Data           2  stm32f10x_it.o(.data)
    DATA_START                               0x20000046   Data           1  stm32f10x_it.o(.data)
    PRESS_START                              0x20000047   Data           1  stm32f10x_it.o(.data)
    Ultrasonic_START                         0x20000048   Data           1  stm32f10x_it.o(.data)
    AGM_START                                0x20000049   Data           1  stm32f10x_it.o(.data)
    TIME_20ms                                0x2000004a   Data           1  stm32f10x_it.o(.data)
    nrf_sta                                  0x2000004b   Data           1  nr24l01_reg.o(.data)
    RxBuf                                    0x2000004c   Data          32  nr24l01_reg.o(.data)
    TxBuf                                    0x2000006c   Data          32  nr24l01_reg.o(.data)
    TX_ADDRESS                               0x2000008c   Data           5  nr24l01_reg.o(.data)
    RX_ADDRESS                               0x20000091   Data           5  nr24l01_reg.o(.data)
    Hzk                                      0x2000009c   Data        2496  oled.o(.data)
    t_fine                                   0x20000a5c   Data           4  bmp_280.o(.data)
    temp_sb                                  0x20000a60   Data           4  bmp_280.o(.data)
    press_sb                                 0x20000a64   Data           4  bmp_280.o(.data)
    dig_T1                                   0x20000a68   Data           2  bmp_280.o(.data)
    dig_P1                                   0x20000a6a   Data           2  bmp_280.o(.data)
    dig_T2                                   0x20000a6c   Data           2  bmp_280.o(.data)
    dig_T3                                   0x20000a6e   Data           2  bmp_280.o(.data)
    dig_P2                                   0x20000a70   Data           2  bmp_280.o(.data)
    dig_P3                                   0x20000a72   Data           2  bmp_280.o(.data)
    dig_P4                                   0x20000a74   Data           2  bmp_280.o(.data)
    dig_P5                                   0x20000a76   Data           2  bmp_280.o(.data)
    dig_P6                                   0x20000a78   Data           2  bmp_280.o(.data)
    dig_P7                                   0x20000a7a   Data           2  bmp_280.o(.data)
    dig_P8                                   0x20000a7c   Data           2  bmp_280.o(.data)
    dig_P9                                   0x20000a7e   Data           2  bmp_280.o(.data)
    Pa                                       0x20000a80   Data           4  bmp_280.o(.data)
    ADC_ConvertedValue                       0x20000a84   Data           2  adc_dma.o(.data)
    Distance                                 0x20000a88   Data           2  ultrasonicwave.o(.data)
    UltrasonicWave_Distance                  0x20000a8a   Data           2  ultrasonicwave.o(.data)
    Ultrasonic                               0x20000a8c   Data           1  ultrasonicwave.o(.data)
    Ultrasonic_OK                            0x20000a8d   Data           1  ultrasonicwave.o(.data)
    U_num                                    0x20000a8e   Data           1  ultrasonicwave.o(.data)
    u_time                                   0x20000a90   Data           4  ultrasonicwave.o(.data)
    frame_data                               0x20000a94   Data           4  irda.o(.data)
    frame_cnt                                0x20000a98   Data           1  irda.o(.data)
    frame_flag                               0x20000a99   Data           1  irda.o(.data)
    key_val                                  0x20000a9a   Data           1  init_set.o(.data)
    screen                                   0x20000a9b   Data           1  init_set.o(.data)
    POWER_set                                0x20000a9c   Data           1  init_set.o(.data)
    Acel                                     0x20000aa0   Data           6  data_exchang.o(.data)
    Gyro                                     0x20000aa6   Data           6  data_exchang.o(.data)
    Mag                                      0x20000aac   Data           6  data_exchang.o(.data)
    TEMP                                     0x20000ab2   Data           2  data_exchang.o(.data)
    TEMP_280                                 0x20000ab8   Data           8  data_exchang.o(.data)
    Press                                    0x20000ac0   Data           4  data_exchang.o(.data)
    MAG                                      0x20000ac8   Data           8  data_exchang.o(.data)
    Xlast                                    0x20000ad0   Data           2  data_exchang.o(.data)
    Ylast                                    0x20000ad2   Data           2  data_exchang.o(.data)
    Zlast                                    0x20000ad4   Data           2  data_exchang.o(.data)
    Xmax                                     0x20000ad6   Data           2  data_exchang.o(.data)
    Ymax                                     0x20000ad8   Data           2  data_exchang.o(.data)
    Zmax                                     0x20000ada   Data           2  data_exchang.o(.data)
    Xmin                                     0x20000adc   Data           2  data_exchang.o(.data)
    Ymin                                     0x20000ade   Data           2  data_exchang.o(.data)
    Zmin                                     0x20000ae0   Data           2  data_exchang.o(.data)
    Xoffset                                  0x20000ae2   Data           2  data_exchang.o(.data)
    Yoffset                                  0x20000ae4   Data           2  data_exchang.o(.data)
    Zoffset                                  0x20000ae6   Data           2  data_exchang.o(.data)
    Xscope                                   0x20000ae8   Data           2  data_exchang.o(.data)
    Yscope                                   0x20000aea   Data           2  data_exchang.o(.data)
    Zscope                                   0x20000aec   Data           2  data_exchang.o(.data)
    Orien                                    0x20000af0   Data           8  data_exchang.o(.data)
    calibration_GA_time                      0x20000af8   Data           1  data_exchang.o(.data)
    average_GX                               0x20000afc   Data           4  data_exchang.o(.data)
    average_GY                               0x20000b00   Data           4  data_exchang.o(.data)
    average_GZ                               0x20000b04   Data           4  data_exchang.o(.data)
    average_AX                               0x20000b08   Data           4  data_exchang.o(.data)
    average_AY                               0x20000b0c   Data           4  data_exchang.o(.data)
    average_AZ                               0x20000b10   Data           4  data_exchang.o(.data)
    offset_GX                                0x20000b14   Data           2  data_exchang.o(.data)
    offset_GY                                0x20000b16   Data           2  data_exchang.o(.data)
    offset_GZ                                0x20000b18   Data           2  data_exchang.o(.data)
    offset_AX                                0x20000b1a   Data           2  data_exchang.o(.data)
    offset_AY                                0x20000b1c   Data           2  data_exchang.o(.data)
    offset_AZ                                0x20000b1e   Data           2  data_exchang.o(.data)
    ROL                                      0x20000b20   Data           4  swap_data.o(.data)
    PIT                                      0x20000b24   Data           4  swap_data.o(.data)
    YAW                                      0x20000b28   Data           4  swap_data.o(.data)
    Alt                                      0x20000b2c   Data           4  swap_data.o(.data)
    ALT_USE                                  0x20000b30   Data           4  swap_data.o(.data)
    ARMED                                    0x20000b34   Data           1  swap_data.o(.data)
    ACC_X                                    0x20000b36   Data           2  swap_data.o(.data)
    ACC_Y                                    0x20000b38   Data           2  swap_data.o(.data)
    ACC_Z                                    0x20000b3a   Data           2  swap_data.o(.data)
    GYRO_X                                   0x20000b3c   Data           2  swap_data.o(.data)
    GYRO_Y                                   0x20000b3e   Data           2  swap_data.o(.data)
    GYRO_Z                                   0x20000b40   Data           2  swap_data.o(.data)
    MAG_X                                    0x20000b42   Data           2  swap_data.o(.data)
    MAG_Y                                    0x20000b44   Data           2  swap_data.o(.data)
    MAG_Z                                    0x20000b46   Data           2  swap_data.o(.data)
    Acelx                                    0x20000b48   Data           2  swap_data.o(.data)
    Acely                                    0x20000b4a   Data           2  swap_data.o(.data)
    Acelz                                    0x20000b4c   Data           2  swap_data.o(.data)
    Gyrox                                    0x20000b4e   Data           2  swap_data.o(.data)
    Gyroy                                    0x20000b50   Data           2  swap_data.o(.data)
    Gyroz                                    0x20000b52   Data           2  swap_data.o(.data)
    Magx                                     0x20000b54   Data           2  swap_data.o(.data)
    Magy                                     0x20000b56   Data           2  swap_data.o(.data)
    Magz                                     0x20000b58   Data           2  swap_data.o(.data)
    RX_TEMP_280                              0x20000b60   Data           8  swap_data.o(.data)
    RX_ADC_ConvertedValue                    0x20000b68   Data           2  swap_data.o(.data)
    RX_num                                   0x20000b6a   Data           1  swap_data.o(.data)
    TX_num                                   0x20000b6b   Data           1  swap_data.o(.data)
    RX_ADC_ConvertedValueLocal               0x20000b70   Data           8  swap_data.o(.data)
    RX_Press                                 0x20000b78   Data           4  swap_data.o(.data)
    accelerator_IN                           0x20000b7c   Data           2  swap_data.o(.data)
    roll_IN                                  0x20000b7e   Data           2  swap_data.o(.data)
    pitch_IN                                 0x20000b80   Data           2  swap_data.o(.data)
    q0                                       0x20000b84   Data           4  ahrs.o(.data)
    q1                                       0x20000b88   Data           4  ahrs.o(.data)
    q2                                       0x20000b8c   Data           4  ahrs.o(.data)
    q3                                       0x20000b90   Data           4  ahrs.o(.data)
    exInt                                    0x20000b94   Data           4  ahrs.o(.data)
    eyInt                                    0x20000b98   Data           4  ahrs.o(.data)
    ezInt                                    0x20000b9c   Data           4  ahrs.o(.data)
    init_ax                                  0x20000ba0   Data           4  ahrs.o(.data)
    init_ay                                  0x20000ba4   Data           4  ahrs.o(.data)
    init_az                                  0x20000ba8   Data           4  ahrs.o(.data)
    init_gx                                  0x20000bac   Data           4  ahrs.o(.data)
    init_gy                                  0x20000bb0   Data           4  ahrs.o(.data)
    init_gz                                  0x20000bb4   Data           4  ahrs.o(.data)
    init_mx                                  0x20000bb8   Data           4  ahrs.o(.data)
    init_my                                  0x20000bbc   Data           4  ahrs.o(.data)
    init_mz                                  0x20000bc0   Data           4  ahrs.o(.data)
    FLASHStatus                              0x20000bc4   Data           1  flash_rw.o(.data)
    FLASH_MAG_X_DATA                         0x20000bc8   Data           4  flash_rw.o(.data)
    FLASH_MAG_Y_DATA                         0x20000bcc   Data           4  flash_rw.o(.data)
    FLASH_MAG_Z_DATA                         0x20000bd0   Data           4  flash_rw.o(.data)
    FLASH_Gyro_X_DATA                        0x20000bd4   Data           4  flash_rw.o(.data)
    FLASH_Gyro_Y_DATA                        0x20000bd8   Data           4  flash_rw.o(.data)
    FLASH_Gyro_Z_DATA                        0x20000bdc   Data           4  flash_rw.o(.data)
    FLASH_Acel_X_DATA                        0x20000be0   Data           4  flash_rw.o(.data)
    FLASH_Acel_Y_DATA                        0x20000be4   Data           4  flash_rw.o(.data)
    FLASH_Acel_Z_DATA                        0x20000be8   Data           4  flash_rw.o(.data)
    FLASH_INPID_P_DATA                       0x20000bec   Data           4  flash_rw.o(.data)
    FLASH_INPID_I_DATA                       0x20000bf0   Data           4  flash_rw.o(.data)
    FLASH_INPID_D_DATA                       0x20000bf4   Data           4  flash_rw.o(.data)
    FLASH_OUTPID_P_DATA                      0x20000bf8   Data           4  flash_rw.o(.data)
    FLASH_OUTPID_I_DATA                      0x20000bfc   Data           4  flash_rw.o(.data)
    FLASH_OUTPID_D_DATA                      0x20000c00   Data           4  flash_rw.o(.data)
    FLASH_YAWINPID_P_DATA                    0x20000c04   Data           4  flash_rw.o(.data)
    FLASH_YAWINPID_I_DATA                    0x20000c08   Data           4  flash_rw.o(.data)
    FLASH_YAWINPID_D_DATA                    0x20000c0c   Data           4  flash_rw.o(.data)
    FLASH_YAWOUTPID_P_DATA                   0x20000c10   Data           4  flash_rw.o(.data)
    FLASH_YAWOUTPID_I_DATA                   0x20000c14   Data           4  flash_rw.o(.data)
    FLASH_YAWOUTPID_D_DATA                   0x20000c18   Data           4  flash_rw.o(.data)
    ERR_STOP                                 0x20000c80   Data           1  pid_control.o(.data)
    external_KP                              0x20000c84   Data           4  pid_control.o(.data)
    external_KI                              0x20000c88   Data           4  pid_control.o(.data)
    external_KD                              0x20000c8c   Data           4  pid_control.o(.data)
    interior_KP                              0x20000c90   Data           4  pid_control.o(.data)
    interior_KI                              0x20000c94   Data           4  pid_control.o(.data)
    interior_KD                              0x20000c98   Data           4  pid_control.o(.data)
    external_KP_f                            0x20000c9c   Data           4  pid_control.o(.data)
    external_KI_f                            0x20000ca0   Data           4  pid_control.o(.data)
    external_KD_f                            0x20000ca4   Data           4  pid_control.o(.data)
    interior_KP_f                            0x20000ca8   Data           4  pid_control.o(.data)
    interior_KI_f                            0x20000cac   Data           4  pid_control.o(.data)
    interior_KD_f                            0x20000cb0   Data           4  pid_control.o(.data)
    YAWexternal_KP                           0x20000cb4   Data           4  pid_control.o(.data)
    YAWexternal_KI                           0x20000cb8   Data           4  pid_control.o(.data)
    YAWexternal_KD                           0x20000cbc   Data           4  pid_control.o(.data)
    YAWinterior_KP                           0x20000cc0   Data           4  pid_control.o(.data)
    YAWinterior_KI                           0x20000cc4   Data           4  pid_control.o(.data)
    YAWinterior_KD                           0x20000cc8   Data           4  pid_control.o(.data)
    YAWexternal_KP_f                         0x20000ccc   Data           4  pid_control.o(.data)
    YAWexternal_KI_f                         0x20000cd0   Data           4  pid_control.o(.data)
    YAWexternal_KD_f                         0x20000cd4   Data           4  pid_control.o(.data)
    YAWinterior_KP_f                         0x20000cd8   Data           4  pid_control.o(.data)
    YAWinterior_KI_f                         0x20000cdc   Data           4  pid_control.o(.data)
    YAWinterior_KD_f                         0x20000ce0   Data           4  pid_control.o(.data)
    roll_PWM                                 0x20000ce4   Data           4  pid_control.o(.data)
    pitch_PWM                                0x20000ce8   Data           4  pid_control.o(.data)
    roll_PWM_OUT                             0x20000cec   Data           2  pid_control.o(.data)
    pitch_PWM_OUT                            0x20000cee   Data           2  pid_control.o(.data)
    yaw_PWM_OUT                              0x20000cf0   Data           2  pid_control.o(.data)
    yaw_PWM                                  0x20000cf4   Data           4  pid_control.o(.data)
    clean_value                              0x20000cf8   Data           1  pid_control.o(.data)
    START_YAW                                0x20000cfc   Data           4  pid_control.o(.data)
    cheshi                                   0x20000d00   Data           4  pid_control.o(.data)
    cheshi4                                  0x20000d04   Data           4  pid_control.o(.data)
    cheshi1                                  0x20000d08   Data           4  pid_control.o(.data)
    cheshi2                                  0x20000d0c   Data           4  pid_control.o(.data)
    cheshi3                                  0x20000d10   Data           4  pid_control.o(.data)
    cheshi5                                  0x20000d14   Data           4  pid_control.o(.data)
    numG                                     0x20000d18   Data           1  pid_control.o(.data)
    numOUTG                                  0x20000d19   Data           1  pid_control.o(.data)
    numG_roll                                0x20000d1a   Data           1  pid_control.o(.data)
    numOUTG_roll                             0x20000d1b   Data           1  pid_control.o(.data)
    numG_YAW                                 0x20000d1c   Data           1  pid_control.o(.data)
    numYAWOUTG                               0x20000d1d   Data           1  pid_control.o(.data)
    __stdout                                 0x20000d74   Data           4  stdout.o(.data)
    SendBuff                                 0x20000d7c   Data        5000  gpio_config.o(.bss)
    radian_gyro                              0x20002104   Data          12  data_exchang.o(.bss)
    averag_gyro                              0x20002110   Data          12  data_exchang.o(.bss)
    origin_Acel                              0x2000211c   Data          12  data_exchang.o(.bss)
    averag_Acel                              0x20002128   Data          12  data_exchang.o(.bss)
    value_gyro                               0x20002134   Data          12  data_exchang.o(.bss)
    angle                                    0x20002140   Data          12  data_exchang.o(.bss)
    Mag_corr                                 0x2000214c   Data          12  data_exchang.o(.bss)
    flash_data                               0x20002158   Data          84  flash_rw.o(.bss)
    last_value_Y                             0x200021f4   Data          32  pid_control.o(.bss)
    last_value_OUTY                          0x20002214   Data          36  pid_control.o(.bss)
    last_value_X                             0x20002238   Data          32  pid_control.o(.bss)
    last_value_OUTX                          0x20002258   Data          36  pid_control.o(.bss)
    last_value_Z                             0x2000227c   Data          32  pid_control.o(.bss)
    last_value_OUTZ                          0x2000229c   Data          36  pid_control.o(.bss)
    __initial_sp                             0x200026c0   Data           0  startup_stm32f10x_hd.o(STACK)



==============================================================================

Memory Map of the image

  Image Entry point : 0x08000131

  Load Region LR_IROM1 (Base: 0x08000000, Size: 0x0000c314, Max: 0x00080000, ABSOLUTE, COMPRESSED[0x0000ba7c])

    Execution Region ER_IROM1 (Base: 0x08000000, Size: 0x0000b598, Max: 0x00080000, ABSOLUTE)

    Base Addr    Size         Type   Attr      Idx    E Section Name        Object

    0x08000000   0x00000130   Data   RO            3    RESET               startup_stm32f10x_hd.o
    0x08000130   0x00000000   Code   RO         4652  * .ARM.Collect$$$$00000000  mc_w.l(entry.o)
    0x08000130   0x00000004   Code   RO         4989    .ARM.Collect$$$$00000001  mc_w.l(entry2.o)
    0x08000134   0x00000004   Code   RO         4992    .ARM.Collect$$$$00000004  mc_w.l(entry5.o)
    0x08000138   0x00000000   Code   RO         4994    .ARM.Collect$$$$00000008  mc_w.l(entry7b.o)
    0x08000138   0x00000000   Code   RO         4996    .ARM.Collect$$$$0000000A  mc_w.l(entry8b.o)
    0x08000138   0x00000008   Code   RO         4997    .ARM.Collect$$$$0000000B  mc_w.l(entry9a.o)
    0x08000140   0x00000000   Code   RO         4999    .ARM.Collect$$$$0000000D  mc_w.l(entry10a.o)
    0x08000140   0x00000000   Code   RO         5001    .ARM.Collect$$$$0000000F  mc_w.l(entry11a.o)
    0x08000140   0x00000004   Code   RO         4990    .ARM.Collect$$$$00002712  mc_w.l(entry2.o)
    0x08000144   0x00000024   Code   RO            4    .text               startup_stm32f10x_hd.o
    0x08000168   0x000000b0   Code   RO         4916    .text               mf_w.l(fadd.o)
    0x08000218   0x00000064   Code   RO         4918    .text               mf_w.l(fmul.o)
    0x0800027c   0x0000007c   Code   RO         4920    .text               mf_w.l(fdiv.o)
    0x080002f8   0x0000014e   Code   RO         4922    .text               mf_w.l(dadd.o)
    0x08000446   0x000000e4   Code   RO         4924    .text               mf_w.l(dmul.o)
    0x0800052a   0x000000de   Code   RO         4926    .text               mf_w.l(ddiv.o)
    0x08000608   0x00000012   Code   RO         4928    .text               mf_w.l(fflti.o)
    0x0800061a   0x0000000a   Code   RO         4930    .text               mf_w.l(ffltui.o)
    0x08000624   0x00000022   Code   RO         4932    .text               mf_w.l(dflti.o)
    0x08000646   0x0000001a   Code   RO         4934    .text               mf_w.l(dfltui.o)
    0x08000660   0x00000032   Code   RO         4936    .text               mf_w.l(ffixi.o)
    0x08000692   0x0000003e   Code   RO         4940    .text               mf_w.l(dfixi.o)
    0x080006d0   0x00000032   Code   RO         4942    .text               mf_w.l(dfixui.o)
    0x08000702   0x00000026   Code   RO         4944    .text               mf_w.l(f2d.o)
    0x08000728   0x00000030   Code   RO         4946    .text               mf_w.l(cdcmple.o)
    0x08000758   0x00000030   Code   RO         4948    .text               mf_w.l(cdrcmple.o)
    0x08000788   0x00000038   Code   RO         4950    .text               mf_w.l(d2f.o)
    0x080007c0   0x00000014   Code   RO         4952    .text               mf_w.l(cfcmple.o)
    0x080007d4   0x00000014   Code   RO         4954    .text               mf_w.l(cfrcmple.o)
    0x080007e8   0x0000002c   Code   RO         5004    .text               mc_w.l(uidiv.o)
    0x08000814   0x00000062   Code   RO         5006    .text               mc_w.l(uldiv.o)
    0x08000876   0x0000001e   Code   RO         5008    .text               mc_w.l(llshl.o)
    0x08000894   0x00000020   Code   RO         5010    .text               mc_w.l(llushr.o)
    0x080008b4   0x00000024   Code   RO         5012    .text               mc_w.l(llsshr.o)
    0x080008d8   0x00000000   Code   RO         5021    .text               mc_w.l(iusefp.o)
    0x080008d8   0x0000006e   Code   RO         5022    .text               mf_w.l(fepilogue.o)
    0x08000946   0x0000005e   Code   RO         5024    .text               mf_w.l(fsqrt.o)
    0x080009a4   0x000000ba   Code   RO         5026    .text               mf_w.l(depilogue.o)
    0x08000a5e   0x0000002e   Code   RO         5028    .text               mf_w.l(dscalb.o)
    0x08000a8c   0x000000a2   Code   RO         5030    .text               mf_w.l(dsqrt.o)
    0x08000b2e   0x00000030   Code   RO         5032    .text               mf_w.l(dfixul.o)
    0x08000b5e   0x00000002   PAD
    0x08000b60   0x00000024   Code   RO         5034    .text               mc_w.l(init.o)
    0x08000b84   0x00000056   Code   RO         5044    .text               mc_w.l(__dczerorl2.o)
    0x08000bda   0x00000002   PAD
    0x08000bdc   0x00000030   Code   RO         3978    i.ADC1_GPIO_Config  adc_dma.o
    0x08000c0c   0x0000000c   Code   RO         3979    i.ADC1_Init         adc_dma.o
    0x08000c18   0x000000e0   Code   RO         3980    i.ADC1_Mode_Config  adc_dma.o
    0x08000cf8   0x00000016   Code   RO          147    i.ADC_Cmd           stm32f10x_adc.o
    0x08000d0e   0x00000016   Code   RO          148    i.ADC_DMACmd        stm32f10x_adc.o
    0x08000d24   0x00000014   Code   RO          155    i.ADC_GetCalibrationStatus  stm32f10x_adc.o
    0x08000d38   0x00000014   Code   RO          161    i.ADC_GetResetCalibrationStatus  stm32f10x_adc.o
    0x08000d4c   0x00000050   Code   RO          165    i.ADC_Init          stm32f10x_adc.o
    0x08000d9c   0x000000b8   Code   RO          169    i.ADC_RegularChannelConfig  stm32f10x_adc.o
    0x08000e54   0x0000000a   Code   RO          170    i.ADC_ResetCalibration  stm32f10x_adc.o
    0x08000e5e   0x00000016   Code   RO          172    i.ADC_SoftwareStartConvCmd  stm32f10x_adc.o
    0x08000e74   0x0000000a   Code   RO          174    i.ADC_StartCalibration  stm32f10x_adc.o
    0x08000e7e   0x00000002   PAD
    0x08000e80   0x00000b30   Code   RO         4356    i.AHRSupdate        ahrs.o
    0x080019b0   0x00000428   Code   RO         3853    i.BMP280_GetPressure  bmp_280.o
    0x08001dd8   0x000001bc   Code   RO         3854    i.BMP280_GetTemperature  bmp_280.o
    0x08001f94   0x0000000e   Code   RO         3857    i.BMP280_Init       bmp_280.o
    0x08001fa2   0x00000004   Code   RO         3197    i.BusFault_Handler  stm32f10x_it.o
    0x08001fa6   0x00000002   PAD
    0x08001fa8   0x0000009c   Code   RO         4465    i.DATA_Kalman_Filter  kalman_filter.o
    0x08002044   0x00000018   Code   RO          850    i.DMA_Cmd           stm32f10x_dma.o
    0x0800205c   0x0000014c   Code   RO          851    i.DMA_DeInit        stm32f10x_dma.o
    0x080021a8   0x0000003c   Code   RO          856    i.DMA_Init          stm32f10x_dma.o
    0x080021e4   0x00000002   Code   RO         3198    i.DebugMon_Handler  stm32f10x_it.o
    0x080021e6   0x00000016   Code   RO         4003    i.DelayTime_us      ultrasonicwave.o
    0x080021fc   0x00000012   Code   RO         3754    i.Delay_600ns       i2c.o
    0x0800220e   0x00000018   Code   RO         3457    i.Delay_ms          bsp_systick.o
    0x08002226   0x00000002   PAD
    0x08002228   0x00000028   Code   RO         3458    i.Delay_us          bsp_systick.o
    0x08002250   0x000000bc   Code   RO         3199    i.EXTI15_10_IRQHandler  stm32f10x_it.o
    0x0800230c   0x00000048   Code   RO         3200    i.EXTI1_IRQHandler  stm32f10x_it.o
    0x08002354   0x0000000c   Code   RO          921    i.EXTI_ClearITPendingBit  stm32f10x_exti.o
    0x08002360   0x00000028   Code   RO          925    i.EXTI_GetITStatus  stm32f10x_exti.o
    0x08002388   0x00000094   Code   RO          926    i.EXTI_Init         stm32f10x_exti.o
    0x0800241c   0x00000050   Code   RO         4042    i.EXTI_PB15_Config  irda.o
    0x0800246c   0x0000004c   Code   RO         3552    i.EXTI_PB1_Config   bsp_exti.o
    0x080024b8   0x0000000c   Code   RO          974    i.FLASH_ClearFlag   stm32f10x_flash.o
    0x080024c4   0x0000004c   Code   RO          979    i.FLASH_ErasePage   stm32f10x_flash.o
    0x08002510   0x00000034   Code   RO          980    i.FLASH_GetBank1Status  stm32f10x_flash.o
    0x08002544   0x00000014   Code   RO          990    i.FLASH_LockBank1   stm32f10x_flash.o
    0x08002558   0x0000006c   Code   RO          994    i.FLASH_ProgramWord  stm32f10x_flash.o
    0x080025c4   0x00000018   Code   RO          998    i.FLASH_UnlockBank1  stm32f10x_flash.o
    0x080025dc   0x00000026   Code   RO         1001    i.FLASH_WaitForLastOperation  stm32f10x_flash.o
    0x08002602   0x00000002   PAD
    0x08002604   0x00000340   Code   RO         4418    i.Flash_data_init   flash_rw.o
    0x08002944   0x00000040   Code   RO         1274    i.GPIO_EXTILineConfig  stm32f10x_gpio.o
    0x08002984   0x00000116   Code   RO         1277    i.GPIO_Init         stm32f10x_gpio.o
    0x08002a9a   0x00000002   PAD
    0x08002a9c   0x00000090   Code   RO         1279    i.GPIO_PinRemapConfig  stm32f10x_gpio.o
    0x08002b2c   0x00000012   Code   RO         1281    i.GPIO_ReadInputDataBit  stm32f10x_gpio.o
    0x08002b3e   0x00000004   Code   RO         1284    i.GPIO_ResetBits    stm32f10x_gpio.o
    0x08002b42   0x00000004   Code   RO         1285    i.GPIO_SetBits      stm32f10x_gpio.o
    0x08002b46   0x00000002   PAD
    0x08002b48   0x00000030   Code   RO         4043    i.Get_Pulse_Time    irda.o
    0x08002b78   0x00000004   Code   RO         3201    i.HardFault_Handler  stm32f10x_it.o
    0x08002b7c   0x0000004c   Code   RO         3756    i.I2C_RecvByte      i2c.o
    0x08002bc8   0x0000002c   Code   RO         3759    i.I2C_SendACK       i2c.o
    0x08002bf4   0x0000005c   Code   RO         3760    i.I2C_SendByte      i2c.o
    0x08002c50   0x0000003c   Code   RO         3761    i.I2C_Start         i2c.o
    0x08002c8c   0x00000028   Code   RO         3762    i.I2C_Stop          i2c.o
    0x08002cb4   0x00000054   Code   RO         3763    i.IIC_ReadData      i2c.o
    0x08002d08   0x00000024   Code   RO         3764    i.IIC_add_WriteI2C  i2c.o
    0x08002d2c   0x00000008   Code   RO         4044    i.IrDa_Init         irda.o
    0x08002d34   0x00000044   Code   RO         4045    i.IrDa_Process      irda.o
    0x08002d78   0x000000b8   Code   RO         4469    i.KalmanFilter_x    kalman_filter.o
    0x08002e30   0x000000b8   Code   RO         4470    i.KalmanFilter_y    kalman_filter.o
    0x08002ee8   0x000000b8   Code   RO         4471    i.KalmanFilter_z    kalman_filter.o
    0x08002fa0   0x00000034   Code   RO         4344    i.LED_GPIO_Config   led_config.o
    0x08002fd4   0x00000070   Code   RO         4244    i.MAG_data          data_exchang.o
    0x08003044   0x000001f4   Code   RO         4139    i.MENU_1            init_set.o
    0x08003238   0x000003d8   Code   RO         4140    i.MENU_1_1          init_set.o
    0x08003610   0x000005a4   Code   RO         4141    i.MENU_1_2          init_set.o
    0x08003bb4   0x00000190   Code   RO         4142    i.MENU_1_3          init_set.o
    0x08003d44   0x000003d8   Code   RO         4143    i.MENU_1_3_1        init_set.o
    0x0800411c   0x000005a4   Code   RO         4144    i.MENU_1_3_2        init_set.o
    0x080046c0   0x000000a0   Code   RO         4145    i.MENU_2            init_set.o
    0x08004760   0x0000019c   Code   RO         4146    i.MENU_3            init_set.o
    0x080048fc   0x00000258   Code   RO         4147    i.MENU_3_1          init_set.o
    0x08004b54   0x0000020c   Code   RO         4148    i.MENU_3_2          init_set.o
    0x08004d60   0x00000042   Code   RO         3896    i.MPU6050ReadAcc    mpu6050.o
    0x08004da2   0x00000042   Code   RO         3897    i.MPU6050ReadGyro   mpu6050.o
    0x08004de4   0x00000086   Code   RO         3900    i.MPU6050Read_all   mpu6050.o
    0x08004e6a   0x0000009c   Code   RO         3901    i.MPU6050_Init      mpu6050.o
    0x08004f06   0x0000004c   Code   RO         3903    i.MPU9250ReadMag    mpu6050.o
    0x08004f52   0x00000004   Code   RO         3202    i.MemManage_Handler  stm32f10x_it.o
    0x08004f56   0x00000002   Code   RO         3203    i.NMI_Handler       stm32f10x_it.o
    0x08004f58   0x0000002a   Code   RO         4046    i.NVIC_Configuration  irda.o
    0x08004f82   0x00000002   PAD
    0x08004f84   0x00000070   Code   RO          101    i.NVIC_Init         misc.o
    0x08004ff4   0x00000014   Code   RO          102    i.NVIC_PriorityGroupConfig  misc.o
    0x08005008   0x00000040   Code   RO         3569    i.OLED_Clear        oled.o
    0x08005048   0x00000164   Code   RO         3573    i.OLED_Init         oled.o
    0x080051ac   0x0000002e   Code   RO         3574    i.OLED_Set_Pos      oled.o
    0x080051da   0x00000002   PAD
    0x080051dc   0x00000068   Code   RO         3575    i.OLED_ShowCHinese  oled.o
    0x08005244   0x00000070   Code   RO         3576    i.OLED_ShowCHinese_inverse  oled.o
    0x080052b4   0x00000070   Code   RO         3577    i.OLED_ShowChar     oled.o
    0x08005324   0x00000084   Code   RO         3578    i.OLED_ShowNum      oled.o
    0x080053a8   0x00000036   Code   RO         3579    i.OLED_ShowString   oled.o
    0x080053de   0x00000002   PAD
    0x080053e0   0x00000084   Code   RO         3580    i.OLED_WR_Byte      oled.o
    0x08005464   0x0000002a   Code   RO         3553    i.PB1_NVIC_Configuration  bsp_exti.o
    0x0800548e   0x00000002   PAD
    0x08005490   0x000000a4   Code   RO         4512    i.PID_control       pid_control.o
    0x08005534   0x000002e0   Code   RO         4513    i.PID_pitch_Control  pid_control.o
    0x08005814   0x000002dc   Code   RO         4514    i.PID_roll_Control  pid_control.o
    0x08005af0   0x00000318   Code   RO         4515    i.PID_yaw_Control   pid_control.o
    0x08005e08   0x00000178   Code   RO         4516    i.PWM_control       pid_control.o
    0x08005f80   0x00000002   Code   RO         3204    i.PendSV_Handler    stm32f10x_it.o
    0x08005f82   0x00000002   PAD
    0x08005f84   0x00000018   Code   RO         1697    i.RCC_ADCCLKConfig  stm32f10x_rcc.o
    0x08005f9c   0x00000020   Code   RO         1698    i.RCC_AHBPeriphClockCmd  stm32f10x_rcc.o
    0x08005fbc   0x00000020   Code   RO         1699    i.RCC_APB1PeriphClockCmd  stm32f10x_rcc.o
    0x08005fdc   0x00000020   Code   RO         1700    i.RCC_APB1PeriphResetCmd  stm32f10x_rcc.o
    0x08005ffc   0x00000020   Code   RO         1701    i.RCC_APB2PeriphClockCmd  stm32f10x_rcc.o
    0x0800601c   0x00000020   Code   RO         1702    i.RCC_APB2PeriphResetCmd  stm32f10x_rcc.o
    0x0800603c   0x000000d4   Code   RO         1709    i.RCC_GetClocksFreq  stm32f10x_rcc.o
    0x08006110   0x00000020   Code   RO         4419    i.ReadFlashNBtye    flash_rw.o
    0x08006130   0x00000018   Code   RO         2184    i.SPI_Cmd           stm32f10x_spi.o
    0x08006148   0x000000cc   Code   RO         3292    i.SPI_DATA_Init     gpio_config.o
    0x08006214   0x00000038   Code   RO         3294    i.SPI_FLASH_SendByte  gpio_config.o
    0x0800624c   0x00000012   Code   RO         2192    i.SPI_I2S_GetFlagStatus  stm32f10x_spi.o
    0x0800625e   0x00000006   Code   RO         2195    i.SPI_I2S_ReceiveData  stm32f10x_spi.o
    0x08006264   0x00000004   Code   RO         2196    i.SPI_I2S_SendData  stm32f10x_spi.o
    0x08006268   0x0000003c   Code   RO         2197    i.SPI_Init          stm32f10x_spi.o
    0x080062a4   0x00000040   Code   RO         3361    i.SPI_Read_Buf      nr24l01_reg.o
    0x080062e4   0x00000028   Code   RO         3362    i.SPI_Read_Reg      nr24l01_reg.o
    0x0800630c   0x0000003c   Code   RO         3363    i.SPI_Write_Buf     nr24l01_reg.o
    0x08006348   0x0000002c   Code   RO         3364    i.SPI_Write_Reg     nr24l01_reg.o
    0x08006374   0x00000002   Code   RO         3205    i.SVC_Handler       stm32f10x_it.o
    0x08006376   0x00000008   Code   RO           24    i.SetSysClock       system_stm32f10x.o
    0x0800637e   0x00000002   PAD
    0x08006380   0x000000e0   Code   RO           25    i.SetSysClockTo72   system_stm32f10x.o
    0x08006460   0x00000008   Code   RO         3206    i.SysTick_Handler   stm32f10x_it.o
    0x08006468   0x0000007c   Code   RO         3459    i.SysTick_Init      bsp_systick.o
    0x080064e4   0x00000060   Code   RO           27    i.SystemInit        system_stm32f10x.o
    0x08006544   0x00000048   Code   RO         3493    i.TIM3_GPIO_Config  pwm_config.o
    0x0800658c   0x00000068   Code   RO         3494    i.TIM3_Mode_PWM1_Config  pwm_config.o
    0x080065f4   0x00000068   Code   RO         3495    i.TIM3_Mode_PWM2_Config  pwm_config.o
    0x0800665c   0x00000068   Code   RO         3496    i.TIM3_Mode_PWM3_Config  pwm_config.o
    0x080066c4   0x00000068   Code   RO         3497    i.TIM3_Mode_PWM4_Config  pwm_config.o
    0x0800672c   0x00000028   Code   RO         3498    i.TIM3_init         pwm_config.o
    0x08006754   0x00000054   Code   RO         3534    i.TIM6_Configuration  bsp_timbase.o
    0x080067a8   0x00000118   Code   RO         3207    i.TIM6_IRQHandler   stm32f10x_it.o
    0x080068c0   0x0000002a   Code   RO         3535    i.TIM6_NVIC_Configuration  bsp_timbase.o
    0x080068ea   0x00000002   PAD
    0x080068ec   0x00000040   Code   RO         4121    i.TIM7_Configuration  tim_time.o
    0x0800692c   0x00000018   Code   RO         2327    i.TIM_ARRPreloadConfig  stm32f10x_tim.o
    0x08006944   0x00000006   Code   RO         2333    i.TIM_ClearFlag     stm32f10x_tim.o
    0x0800694a   0x00000006   Code   RO         2334    i.TIM_ClearITPendingBit  stm32f10x_tim.o
    0x08006950   0x00000018   Code   RO         2339    i.TIM_Cmd           stm32f10x_tim.o
    0x08006968   0x000001e8   Code   RO         2344    i.TIM_DeInit        stm32f10x_tim.o
    0x08006b50   0x00000006   Code   RO         2358    i.TIM_GetCounter    stm32f10x_tim.o
    0x08006b56   0x00000022   Code   RO         2360    i.TIM_GetITStatus   stm32f10x_tim.o
    0x08006b78   0x00000012   Code   RO         2364    i.TIM_ITConfig      stm32f10x_tim.o
    0x08006b8a   0x00000002   PAD
    0x08006b8c   0x00000098   Code   RO         2368    i.TIM_OC1Init       stm32f10x_tim.o
    0x08006c24   0x00000012   Code   RO         2371    i.TIM_OC1PreloadConfig  stm32f10x_tim.o
    0x08006c36   0x00000002   PAD
    0x08006c38   0x000000a4   Code   RO         2373    i.TIM_OC2Init       stm32f10x_tim.o
    0x08006cdc   0x0000001a   Code   RO         2376    i.TIM_OC2PreloadConfig  stm32f10x_tim.o
    0x08006cf6   0x00000002   PAD
    0x08006cf8   0x000000a0   Code   RO         2378    i.TIM_OC3Init       stm32f10x_tim.o
    0x08006d98   0x00000012   Code   RO         2381    i.TIM_OC3PreloadConfig  stm32f10x_tim.o
    0x08006daa   0x00000002   PAD
    0x08006dac   0x0000007c   Code   RO         2383    i.TIM_OC4Init       stm32f10x_tim.o
    0x08006e28   0x0000001a   Code   RO         2385    i.TIM_OC4PreloadConfig  stm32f10x_tim.o
    0x08006e42   0x00000004   Code   RO         2404    i.TIM_SetCounter    stm32f10x_tim.o
    0x08006e46   0x00000002   PAD
    0x08006e48   0x000000a4   Code   RO         2410    i.TIM_TimeBaseInit  stm32f10x_tim.o
    0x08006eec   0x00000018   Code   RO         3460    i.TimingDelay_Decrement  bsp_systick.o
    0x08006f04   0x0000007c   Code   RO         3295    i.USART1_Config     gpio_config.o
    0x08006f80   0x00000058   Code   RO         3296    i.USART1_DMA_Config  gpio_config.o
    0x08006fd8   0x00000018   Code   RO         2875    i.USART_Cmd         stm32f10x_usart.o
    0x08006ff0   0x0000001a   Code   RO         2878    i.USART_GetFlagStatus  stm32f10x_usart.o
    0x0800700a   0x00000002   PAD
    0x0800700c   0x000000d8   Code   RO         2882    i.USART_Init        stm32f10x_usart.o
    0x080070e4   0x00000008   Code   RO         2892    i.USART_SendData    stm32f10x_usart.o
    0x080070ec   0x00000028   Code   RO         4004    i.UltrasonicWave_CalculateTime  ultrasonicwave.o
    0x08007114   0x0000002c   Code   RO         4005    i.UltrasonicWave_Configuration  ultrasonicwave.o
    0x08007140   0x00000054   Code   RO         4006    i.UltrasonicWave_OK  ultrasonicwave.o
    0x08007194   0x00000028   Code   RO         4007    i.UltrasonicWave_StartMeasure  ultrasonicwave.o
    0x080071bc   0x00000004   Code   RO         3208    i.UsageFault_Handler  stm32f10x_it.o
    0x080071c0   0x000001d8   Code   RO         4420    i.WriteFlashOneWord  flash_rw.o
    0x08007398   0x00000050   Code   RO         4245    i.YAW_data_init     data_exchang.o
    0x080073e8   0x00000020   Code   RO         4888    i.__0printf         mc_w.l(printfa.o)
    0x08007408   0x00000028   Code   RO         4973    i.__ARM_fpclassify  m_ws.l(fpclassify.o)
    0x08007430   0x00000388   Code   RO         4978    i.__ieee754_rem_pio2  m_ws.l(rred.o)
    0x080077b8   0x000000fc   Code   RO         4956    i.__kernel_cos      m_ws.l(cos_i.o)
    0x080078b4   0x000000aa   Code   RO         4975    i.__kernel_poly     m_ws.l(poly.o)
    0x0800795e   0x00000002   PAD
    0x08007960   0x000000ec   Code   RO         4983    i.__kernel_sin      m_ws.l(sin_i.o)
    0x08007a4c   0x00000006   Code   RO         4960    i.__mathlib_dbl_infnan  m_ws.l(dunder.o)
    0x08007a52   0x00000004   Code   RO         4961    i.__mathlib_dbl_infnan2  m_ws.l(dunder.o)
    0x08007a56   0x0000000c   Code   RO         4962    i.__mathlib_dbl_invalid  m_ws.l(dunder.o)
    0x08007a62   0x00000002   PAD
    0x08007a64   0x00000010   Code   RO         4965    i.__mathlib_dbl_underflow  m_ws.l(dunder.o)
    0x08007a74   0x0000000e   Code   RO         5038    i.__scatterload_copy  mc_w.l(handlers.o)
    0x08007a82   0x00000002   Code   RO         5039    i.__scatterload_null  mc_w.l(handlers.o)
    0x08007a84   0x0000000e   Code   RO         5040    i.__scatterload_zeroinit  mc_w.l(handlers.o)
    0x08007a92   0x00000002   PAD
    0x08007a94   0x0000000c   Code   RO         5016    i.__set_errno       mc_w.l(errno.o)
    0x08007aa0   0x00000184   Code   RO         4895    i._fp_digits        mc_w.l(printfa.o)
    0x08007c24   0x000006dc   Code   RO         4896    i._printf_core      mc_w.l(printfa.o)
    0x08008300   0x00000024   Code   RO         4897    i._printf_post_padding  mc_w.l(printfa.o)
    0x08008324   0x0000002e   Code   RO         4898    i._printf_pre_padding  mc_w.l(printfa.o)
    0x08008352   0x00000002   PAD
    0x08008354   0x00000270   Code   RO         4593    i.asin              m_ws.l(asin.o)
    0x080085c4   0x00000220   Code   RO         4603    i.atan              m_ws.l(atan.o)
    0x080087e4   0x00000180   Code   RO         4613    i.atan2             m_ws.l(atan2.o)
    0x08008964   0x000000a8   Code   RO         4520    i.averag_gyro_X     pid_control.o
    0x08008a0c   0x000000a8   Code   RO         4521    i.averag_gyro_Y     pid_control.o
    0x08008ab4   0x000000a8   Code   RO         4522    i.averag_gyro_Z     pid_control.o
    0x08008b5c   0x000001f0   Code   RO         4246    i.calibration_GA    data_exchang.o
    0x08008d4c   0x00000330   Code   RO         4247    i.calibration_Mag   data_exchang.o
    0x0800907c   0x00000214   Code   RO         4149    i.complete_GA_data  init_set.o
    0x08009290   0x0000020c   Code   RO         4150    i.complete_data     init_set.o
    0x0800949c   0x0000009c   Code   RO         4621    i.cos               m_ws.l(cos.o)
    0x08009538   0x00000268   Code   RO         4304    i.data_chang        swap_data.o
    0x080097a0   0x000001b0   Code   RO         4249    i.data_handling     data_exchang.o
    0x08009950   0x000000b8   Code   RO         4250    i.data_init         data_exchang.o
    0x08009a08   0x00000034   Code   RO         4421    i.data_turn         flash_rw.o
    0x08009a3c   0x00000024   Code   RO         3299    i.fputc             gpio_config.o
    0x08009a60   0x0000001c   Code   RO         3365    i.get_nrf_sta       nr24l01_reg.o
    0x08009a7c   0x0000002c   Code   RO         3768    i.gpio_i2c          i2c.o
    0x08009aa8   0x00000070   Code   RO         3366    i.init_NRF24L01     nr24l01_reg.o
    0x08009b18   0x0000084c   Code   RO         4362    i.init_quaternion   ahrs.o
    0x0800a364   0x0000004c   Code   RO         4363    i.invSqrt           ahrs.o
    0x0800a3b0   0x00000104   Code   RO         3108    i.main              main.o
    0x0800a4b4   0x0000002c   Code   RO         3367    i.nrf_RxMod         nr24l01_reg.o
    0x0800a4e0   0x0000002c   Code   RO         3368    i.nrf_TxMod         nr24l01_reg.o
    0x0800a50c   0x00000038   Code   RO         3371    i.nrf_read          nr24l01_reg.o
    0x0800a544   0x00000040   Code   RO         3372    i.nrf_trans         nr24l01_reg.o
    0x0800a584   0x00000016   Code   RO         3581    i.oled_pow          oled.o
    0x0800a59a   0x00000002   PAD
    0x0800a59c   0x00000138   Code   RO         4422    i.read_flash_data   flash_rw.o
    0x0800a6d4   0x00000020   Code   RO         3301    i.send_byte_USART1  gpio_config.o
    0x0800a6f4   0x00000084   Code   RO         4305    i.send_line         swap_data.o
    0x0800a778   0x000002b0   Code   RO         4151    i.set_data          init_set.o
    0x0800aa28   0x000000a0   Code   RO         4629    i.sin               m_ws.l(sin.o)
    0x0800aac8   0x0000004c   Code   RO         4637    i.sqrt              m_ws.l(sqrt.o)
    0x0800ab14   0x0000002c   Code   RO         4645    i.sqrtf             m_ws.l(sqrtf.o)
    0x0800ab40   0x0000000c   Code   RO         4423    i.write_flash_data  flash_rw.o
    0x0800ab4c   0x00000818   Data   RO         3582    .constdata          oled.o
    0x0800b364   0x00000004   PAD
    0x0800b368   0x00000050   Data   RO         4594    .constdata          m_ws.l(asin.o)
    0x0800b3b8   0x00000098   Data   RO         4604    .constdata          m_ws.l(atan.o)
    0x0800b450   0x00000030   Data   RO         4957    .constdata          m_ws.l(cos_i.o)
    0x0800b480   0x00000008   Data   RO         4977    .constdata          m_ws.l(qnan.o)
    0x0800b488   0x000000c8   Data   RO         4980    .constdata          m_ws.l(rred.o)
    0x0800b550   0x00000028   Data   RO         4984    .constdata          m_ws.l(sin_i.o)
    0x0800b578   0x00000020   Data   RO         5036    Region$$Table       anon$$obj.o


    Execution Region RW_IRAM1 (Base: 0x20000000, Size: 0x000026c0, Max: 0x00010000, ABSOLUTE, COMPRESSED[0x000004e4])

    Base Addr    Size         Type   Attr      Idx    E Section Name        Object

    0x20000000   0x00000014   Data   RW           28    .data               system_stm32f10x.o
    0x20000014   0x00000014   Data   RW         1729    .data               stm32f10x_rcc.o
    0x20000028   0x00000018   Data   RW         3109    .data               main.o
    0x20000040   0x0000000b   Data   RW         3209    .data               stm32f10x_it.o
    0x2000004b   0x0000004b   Data   RW         3375    .data               nr24l01_reg.o
    0x20000096   0x00000002   PAD
    0x20000098   0x00000004   Data   RW         3461    .data               bsp_systick.o
    0x2000009c   0x000009c0   Data   RW         3583    .data               oled.o
    0x20000a5c   0x00000028   Data   RW         3858    .data               bmp_280.o
    0x20000a84   0x00000002   Data   RW         3981    .data               adc_dma.o
    0x20000a86   0x00000002   PAD
    0x20000a88   0x0000000c   Data   RW         4008    .data               ultrasonicwave.o
    0x20000a94   0x00000006   Data   RW         4047    .data               irda.o
    0x20000a9a   0x00000003   Data   RW         4152    .data               init_set.o
    0x20000a9d   0x00000003   PAD
    0x20000aa0   0x00000080   Data   RW         4252    .data               data_exchang.o
    0x20000b20   0x00000062   Data   RW         4308    .data               swap_data.o
    0x20000b82   0x00000002   PAD
    0x20000b84   0x00000040   Data   RW         4364    .data               ahrs.o
    0x20000bc4   0x00000058   Data   RW         4425    .data               flash_rw.o
    0x20000c1c   0x00000004   PAD
    0x20000c20   0x00000060   Data   RW         4472    .data               kalman_filter.o
    0x20000c80   0x000000f4   Data   RW         4524    .data               pid_control.o
    0x20000d74   0x00000004   Data   RW         5003    .data               mc_w.l(stdout.o)
    0x20000d78   0x00000004   Data   RW         5017    .data               mc_w.l(errno.o)
    0x20000d7c   0x00001388   Zero   RW         3302    .bss                gpio_config.o
    0x20002104   0x00000054   Zero   RW         4251    .bss                data_exchang.o
    0x20002158   0x00000054   Zero   RW         4424    .bss                flash_rw.o
    0x200021ac   0x00000114   Zero   RW         4523    .bss                pid_control.o
    0x200022c0   0x00000400   Zero   RW            1    STACK               startup_stm32f10x_hd.o


==============================================================================

Image component sizes


      Code (inc. data)   RO Data    RW Data    ZI Data      Debug   Object Name

       284         20          0          2          0       2257   adc_dma.o
      5064        298          0         64          0       3681   ahrs.o
      1522        134          0         40          0       3120   bmp_280.o
       118          4          0          0          0       1082   bsp_exti.o
       212         28          0          4          0      17908   bsp_systick.o
       126          6          0          0          0       1119   bsp_timbase.o
         0          0          0          0          0       4564   core_cm3.o
      2120        406          0        128         84       6883   data_exchang.o
      1712        416          0         88         84       6646   flash_rw.o
       540         48          0          0       5000       4291   gpio_config.o
       494         32          0          0          0       5510   i2c.o
      9196        736          0          3          0      13319   init_set.o
       246         18          0          6          0       3221   irda.o
       708         58          0         96          0       5373   kalman_filter.o
        52          6          0          0          0        534   led_config.o
       260         18          0         24          0      18841   main.o
       132         22          0          0          0       1647   misc.o
       498          0          0          0          0       3065   mpu6050.o
       556         72          0         75          0       6719   nr24l01_reg.o
      1134         42       2072       2496          0       7950   oled.o
      3304        526          0        244        276       9389   pid_control.o
       528         32          0          0          0       3804   pwm_config.o
        36          8        304          0       1024        880   startup_stm32f10x_hd.o
       390         10          0          0          0       7765   stm32f10x_adc.o
       416          8          0          0          0       3570   stm32f10x_dma.o
       200         18          0          0          0       2256   stm32f10x_exti.o
       330         38          0          0          0       5694   stm32f10x_flash.o
       512         10          0          0          0       5368   stm32f10x_gpio.o
       572         92          0         11          0       6769   stm32f10x_it.o
       396         56          0         20          0       7027   stm32f10x_rcc.o
       112          0          0          0          0       4054   stm32f10x_spi.o
      1462        156          0          0          0      12404   stm32f10x_tim.o
       274          6          0          0          0       4204   stm32f10x_usart.o
       748         98          0         98          0       3881   swap_data.o
       328         28          0         20          0     285653   system_stm32f10x.o
        64          4          0          0          0        573   tim_time.o
       230         40          0         12          0       3312   ultrasonicwave.o

    ----------------------------------------------------------------------
     34916       3494       2412       3444       6468     484333   Object Totals
         0          0         32          0          0          0   (incl. Generated)
        40          0          4         13          0          0   (incl. Padding)

    ----------------------------------------------------------------------

      Code (inc. data)   RO Data    RW Data    ZI Data      Debug   Library Member Name

       624         52         80          0          0        168   asin.o
       544         70        152          0          0        124   atan.o
       384         38          0          0          0        144   atan2.o
       156          8          0          0          0        104   cos.o
       252         22         48          0          0        124   cos_i.o
        38          6          0          0          0        272   dunder.o
        40          0          0          0          0         68   fpclassify.o
       170          0          0          0          0         96   poly.o
         0          0          8          0          0          0   qnan.o
       904         76        200          0          0        140   rred.o
       160         10          0          0          0        108   sin.o
       236         12         40          0          0        128   sin_i.o
        76          0          0          0          0         84   sqrt.o
        44          0          0          0          0         80   sqrtf.o
        86          0          0          0          0          0   __dczerorl2.o
         0          0          0          0          0          0   entry.o
         0          0          0          0          0          0   entry10a.o
         0          0          0          0          0          0   entry11a.o
         8          4          0          0          0          0   entry2.o
         4          0          0          0          0          0   entry5.o
         0          0          0          0          0          0   entry7b.o
         0          0          0          0          0          0   entry8b.o
         8          4          0          0          0          0   entry9a.o
        12          6          0          4          0         68   errno.o
        30          0          0          0          0          0   handlers.o
        36          8          0          0          0         68   init.o
         0          0          0          0          0          0   iusefp.o
        30          0          0          0          0         68   llshl.o
        36          0          0          0          0         68   llsshr.o
        32          0          0          0          0         68   llushr.o
      2258         90          0          0          0        452   printfa.o
         0          0          0          4          0          0   stdout.o
        44          0          0          0          0         80   uidiv.o
        98          0          0          0          0         92   uldiv.o
        48          0          0          0          0         68   cdcmple.o
        48          0          0          0          0         68   cdrcmple.o
        20          0          0          0          0         68   cfcmple.o
        20          0          0          0          0         68   cfrcmple.o
        56          0          0          0          0         88   d2f.o
       334          0          0          0          0        148   dadd.o
       222          0          0          0          0        100   ddiv.o
       186          0          0          0          0        176   depilogue.o
        62          0          0          0          0         80   dfixi.o
        50          0          0          0          0         76   dfixui.o
        48          0          0          0          0         68   dfixul.o
        34          0          0          0          0         76   dflti.o
        26          0          0          0          0         76   dfltui.o
       228          0          0          0          0         96   dmul.o
        46          0          0          0          0         80   dscalb.o
       162          0          0          0          0        100   dsqrt.o
        38          0          0          0          0         68   f2d.o
       176          0          0          0          0        140   fadd.o
       124          0          0          0          0         88   fdiv.o
       110          0          0          0          0        168   fepilogue.o
        50          0          0          0          0         68   ffixi.o
        18          0          0          0          0         68   fflti.o
        10          0          0          0          0         68   ffltui.o
       100          0          0          0          0         76   fmul.o
        94          0          0          0          0         96   fsqrt.o

    ----------------------------------------------------------------------
      8632        406        528          8          0       4880   Library Totals
        12          0          0          0          0          0   (incl. Padding)

    ----------------------------------------------------------------------

      Code (inc. data)   RO Data    RW Data    ZI Data      Debug   Library Name

      3628        294        528          0          0       1640   m_ws.l
      2682        112          0          8          0        964   mc_w.l
      2310          0          0          0          0       2276   mf_w.l

    ----------------------------------------------------------------------
      8632        406        528          8          0       4880   Library Totals

    ----------------------------------------------------------------------

==============================================================================


      Code (inc. data)   RO Data    RW Data    ZI Data      Debug   

     43548       3900       2940       3452       6468     476965   Grand Totals
     43548       3900       2940       1252       6468     476965   ELF Image Totals (compressed)
     43548       3900       2940       1252          0          0   ROM Totals

==============================================================================

    Total RO  Size (Code + RO Data)                46488 (  45.40kB)
    Total RW  Size (RW Data + ZI Data)              9920 (   9.69kB)
    Total ROM Size (Code + RO Data + RW Data)      47740 (  46.62kB)

==============================================================================

